Archive member included to satisfy reference by file (symbol)

C:/ST/STM32CubeIDE_1.13.2/STM32CubeIDE/plugins/com.st.stm32cube.ide.mcu.externaltools.gnu-tools-for-stm32.11.3.rel1.win32_1.1.1.202309131626/tools/bin/../lib/gcc/arm-none-eabi/11.3.1/../../../../arm-none-eabi/lib/thumb/v7e-m+fp/hard\libc_nano.a(libc_a-exit.o)
                              C:/ST/STM32CubeIDE_1.13.2/STM32CubeIDE/plugins/com.st.stm32cube.ide.mcu.externaltools.gnu-tools-for-stm32.11.3.rel1.win32_1.1.1.202309131626/tools/bin/../lib/gcc/arm-none-eabi/11.3.1/../../../../arm-none-eabi/lib/thumb/v7e-m+fp/hard/crt0.o (exit)
C:/ST/STM32CubeIDE_1.13.2/STM32CubeIDE/plugins/com.st.stm32cube.ide.mcu.externaltools.gnu-tools-for-stm32.11.3.rel1.win32_1.1.1.202309131626/tools/bin/../lib/gcc/arm-none-eabi/11.3.1/../../../../arm-none-eabi/lib/thumb/v7e-m+fp/hard\libc_nano.a(libc_a-rand.o)
                              ./Core/Src/main.o (srand)
C:/ST/STM32CubeIDE_1.13.2/STM32CubeIDE/plugins/com.st.stm32cube.ide.mcu.externaltools.gnu-tools-for-stm32.11.3.rel1.win32_1.1.1.202309131626/tools/bin/../lib/gcc/arm-none-eabi/11.3.1/../../../../arm-none-eabi/lib/thumb/v7e-m+fp/hard\libc_nano.a(libc_a-nano-vfprintf_float.o)
                              (_printf_float)
C:/ST/STM32CubeIDE_1.13.2/STM32CubeIDE/plugins/com.st.stm32cube.ide.mcu.externaltools.gnu-tools-for-stm32.11.3.rel1.win32_1.1.1.202309131626/tools/bin/../lib/gcc/arm-none-eabi/11.3.1/../../../../arm-none-eabi/lib/thumb/v7e-m+fp/hard\libc_nano.a(libc_a-nano-vfprintf_i.o)
                              C:/ST/STM32CubeIDE_1.13.2/STM32CubeIDE/plugins/com.st.stm32cube.ide.mcu.externaltools.gnu-tools-for-stm32.11.3.rel1.win32_1.1.1.202309131626/tools/bin/../lib/gcc/arm-none-eabi/11.3.1/../../../../arm-none-eabi/lib/thumb/v7e-m+fp/hard\libc_nano.a(libc_a-nano-vfprintf_float.o) (_printf_common)
C:/ST/STM32CubeIDE_1.13.2/STM32CubeIDE/plugins/com.st.stm32cube.ide.mcu.externaltools.gnu-tools-for-stm32.11.3.rel1.win32_1.1.1.202309131626/tools/bin/../lib/gcc/arm-none-eabi/11.3.1/../../../../arm-none-eabi/lib/thumb/v7e-m+fp/hard\libc_nano.a(libc_a-nano-vfscanf_float.o)
                              (_scanf_float)
C:/ST/STM32CubeIDE_1.13.2/STM32CubeIDE/plugins/com.st.stm32cube.ide.mcu.externaltools.gnu-tools-for-stm32.11.3.rel1.win32_1.1.1.202309131626/tools/bin/../lib/gcc/arm-none-eabi/11.3.1/../../../../arm-none-eabi/lib/thumb/v7e-m+fp/hard\libc_nano.a(libc_a-findfp.o)
                              C:/ST/STM32CubeIDE_1.13.2/STM32CubeIDE/plugins/com.st.stm32cube.ide.mcu.externaltools.gnu-tools-for-stm32.11.3.rel1.win32_1.1.1.202309131626/tools/bin/../lib/gcc/arm-none-eabi/11.3.1/../../../../arm-none-eabi/lib/thumb/v7e-m+fp/hard\libc_nano.a(libc_a-exit.o) (__stdio_exit_handler)
C:/ST/STM32CubeIDE_1.13.2/STM32CubeIDE/plugins/com.st.stm32cube.ide.mcu.externaltools.gnu-tools-for-stm32.11.3.rel1.win32_1.1.1.202309131626/tools/bin/../lib/gcc/arm-none-eabi/11.3.1/../../../../arm-none-eabi/lib/thumb/v7e-m+fp/hard\libc_nano.a(libc_a-fwalk.o)
                              C:/ST/STM32CubeIDE_1.13.2/STM32CubeIDE/plugins/com.st.stm32cube.ide.mcu.externaltools.gnu-tools-for-stm32.11.3.rel1.win32_1.1.1.202309131626/tools/bin/../lib/gcc/arm-none-eabi/11.3.1/../../../../arm-none-eabi/lib/thumb/v7e-m+fp/hard\libc_nano.a(libc_a-findfp.o) (_fwalk_sglue)
C:/ST/STM32CubeIDE_1.13.2/STM32CubeIDE/plugins/com.st.stm32cube.ide.mcu.externaltools.gnu-tools-for-stm32.11.3.rel1.win32_1.1.1.202309131626/tools/bin/../lib/gcc/arm-none-eabi/11.3.1/../../../../arm-none-eabi/lib/thumb/v7e-m+fp/hard\libc_nano.a(libc_a-snprintf.o)
                              ./Core/Src/demo/boat_gauges.o (snprintf)
C:/ST/STM32CubeIDE_1.13.2/STM32CubeIDE/plugins/com.st.stm32cube.ide.mcu.externaltools.gnu-tools-for-stm32.11.3.rel1.win32_1.1.1.202309131626/tools/bin/../lib/gcc/arm-none-eabi/11.3.1/../../../../arm-none-eabi/lib/thumb/v7e-m+fp/hard\libc_nano.a(libc_a-sprintf.o)
                              C:/ST/STM32CubeIDE_1.13.2/STM32CubeIDE/plugins/com.st.stm32cube.ide.mcu.externaltools.gnu-tools-for-stm32.11.3.rel1.win32_1.1.1.202309131626/tools/bin/../lib/gcc/arm-none-eabi/11.3.1/../../../../arm-none-eabi/lib/thumb/v7e-m+fp/hard\libc_nano.a(libc_a-nano-vfscanf_float.o) (sprintf)
C:/ST/STM32CubeIDE_1.13.2/STM32CubeIDE/plugins/com.st.stm32cube.ide.mcu.externaltools.gnu-tools-for-stm32.11.3.rel1.win32_1.1.1.202309131626/tools/bin/../lib/gcc/arm-none-eabi/11.3.1/../../../../arm-none-eabi/lib/thumb/v7e-m+fp/hard\libc_nano.a(libc_a-stdio.o)
                              C:/ST/STM32CubeIDE_1.13.2/STM32CubeIDE/plugins/com.st.stm32cube.ide.mcu.externaltools.gnu-tools-for-stm32.11.3.rel1.win32_1.1.1.202309131626/tools/bin/../lib/gcc/arm-none-eabi/11.3.1/../../../../arm-none-eabi/lib/thumb/v7e-m+fp/hard\libc_nano.a(libc_a-findfp.o) (__sread)
[...]
Memory Configuration

Name             Origin             Length             Attributes
CCMRAM           0x0000000010000000 0x0000000000010000 xrw
RAM              0x0000000020000000 0x0000000000020000 xrw
FLASH            0x0000000008000000 0x0000000000080000 xr
*default*        0x0000000000000000 0xffffffffffffffff

Linker script and memory map

LOAD C:/ST/STM32CubeIDE_1.13.2/STM32CubeIDE/plugins/com.st.stm32cube.ide.mcu.externaltools.gnu-tools-for-stm32.11.3.rel1.win32_1.1.1.202309131626/tools/bin/../lib/gcc/arm-none-eabi/11.3.1/thumb/v7e-m+fp/hard/crti.o
LOAD C:/ST/STM32CubeIDE_1.13.2/STM32CubeIDE/plugins/com.st.stm32cube.ide.mcu.externaltools.gnu-tools-for-stm32.11.3.rel1.win32_1.1.1.202309131626/tools/bin/../lib/gcc/arm-none-eabi/11.3.1/thumb/v7e-m+fp/hard/crtbegin.o
LOAD C:/ST/STM32CubeIDE_1.13.2/STM32CubeIDE/plugins/com.st.stm32cube.ide.mcu.externaltools.gnu-tools-for-stm32.11.3.rel1.win32_1.1.1.202309131626/tools/bin/../lib/gcc/arm-none-eabi/11.3.1/../../../../arm-none-eabi/lib/thumb/v7e-m+fp/hard/crt0.o
LOAD ./Core/Src/AnimatedGIF.o
LOAD ./Core/Src/main.o
LOAD ./Core/Src/stm32f4xx_hal_msp.o
LOAD ./Core/Src/stm32f4xx_it.o
LOAD ./Core/Src/syscalls.o
LOAD ./Core/Src/sysmem.o
LOAD ./Core/Src/system_stm32f4xx.o
LOAD ./Core/Src/w25qxx.o
LOAD ./Core/Src/demo/ampelguys.o
LOAD ./Core/Src/demo/ampelmann.o
LOAD ./Core/Src/demo/benchmark_mode.o
LOAD ./Core/Src/demo/boat_gauges.o
LOAD ./Core/Src/demo/bodmer_single_yinyang.o
LOAD ./Core/Src/demo/bodmer_spiral.o
LOAD ./Core/Src/demo/clock.o
LOAD ./Core/Src/demo/compas.o
LOAD ./Core/Src/demo/gfx_extra.o
LOAD ./Core/Src/demo/gif_mode.o
LOAD ./Core/Src/demo/horse_frames.o
LOAD ./Core/Src/demo/htp.o
LOAD ./Core/Src/demo/humidity_meter.o
LOAD ./Core/Src/demo/hvac.o
LOAD ./Core/Src/demo/mono.o
LOAD ./Core/Src/demo/power.o
LOAD ./Core/Src/demo/rainbow.o
LOAD ./Core/Src/demo/random_move.o
LOAD ./Core/Src/demo/rtc_print_mode.o
LOAD ./Core/Src/demo/sht21_mode.o
LOAD ./Core/Src/demo/smooth_clock.o
LOAD ./Core/Src/demo/tachometer.o
LOAD ./Core/Src/demo/textfading.o
LOAD ./Core/Src/demo/therm3.o
LOAD ./Core/Src/demo/thermostat.o
LOAD ./Core/Src/demo/three_orbiting_rotating_yinyang.o
LOAD ./Core/Src/demo/voltage_meter.o
LOAD ./Core/Src/demo/watchface.o
LOAD ./Core/Src/display/dispcolor.o
LOAD ./Core/Src/display/fonts/f16f.o
LOAD ./Core/Src/display/fonts/f24f.o
LOAD ./Core/Src/display/fonts/f32f.o
LOAD ./Core/Src/display/fonts/f6x8m.o
LOAD ./Core/Src/display/fonts/font.o
LOAD ./Core/Src/gc9a01a/gc9a01a.o
LOAD ./Core/Src/gpio/gpio.o
LOAD ./Core/Src/rtc/rtc.o
LOAD ./Core/Src/spim/spim.o
LOAD ./Core/Src/timers/tmr11.o
LOAD ./Core/Startup/startup_stm32f407vetx.o
LOAD ./Drivers/STM32F4xx_HAL_Driver/Src/stm32f4xx_hal.o
LOAD ./Drivers/STM32F4xx_HAL_Driver/Src/stm32f4xx_hal_cortex.o
LOAD ./Drivers/STM32F4xx_HAL_Driver/Src/stm32f4xx_hal_dma.o
LOAD ./Drivers/STM32F4xx_HAL_Driver/Src/stm32f4xx_hal_dma_ex.o
LOAD ./Drivers/STM32F4xx_HAL_Driver/Src/stm32f4xx_hal_exti.o
LOAD ./Drivers/STM32F4xx_HAL_Driver/Src/stm32f4xx_hal_flash.o
LOAD ./Drivers/STM32F4xx_HAL_Driver/Src/stm32f4xx_hal_flash_ex.o
LOAD ./Drivers/STM32F4xx_HAL_Driver/Src/stm32f4xx_hal_flash_ramfunc.o
LOAD ./Drivers/STM32F4xx_HAL_Driver/Src/stm32f4xx_hal_gpio.o
LOAD ./Drivers/STM32F4xx_HAL_Driver/Src/stm32f4xx_hal_pwr.o
LOAD ./Drivers/STM32F4xx_HAL_Driver/Src/stm32f4xx_hal_pwr_ex.o
LOAD ./Drivers/STM32F4xx_HAL_Driver/Src/stm32f4xx_hal_rcc.o
LOAD ./Drivers/STM32F4xx_HAL_Driver/Src/stm32f4xx_hal_rcc_ex.o
LOAD ./Drivers/STM32F4xx_HAL_Driver/Src/stm32f4xx_hal_rtc.o
LOAD ./Drivers/STM32F4xx_HAL_Driver/Src/stm32f4xx_hal_rtc_ex.o
LOAD ./Drivers/STM32F4xx_HAL_Driver/Src/stm32f4xx_hal_spi.o
LOAD ./Drivers/STM32F4xx_HAL_Driver/Src/stm32f4xx_hal_tim.o
LOAD ./Drivers/STM32F4xx_HAL_Driver/Src/stm32f4xx_hal_tim_ex.o
START GROUP
LOAD C:/ST/STM32CubeIDE_1.13.2/STM32CubeIDE/plugins/com.st.stm32cube.ide.mcu.externaltools.gnu-tools-for-stm32.11.3.rel1.win32_1.1.1.202309131626/tools/bin/../lib/gcc/arm-none-eabi/11.3.1/../../../../arm-none-eabi/lib/thumb/v7e-m+fp/hard\libc_nano.a
LOAD C:/ST/STM32CubeIDE_1.13.2/STM32CubeIDE/plugins/com.st.stm32cube.ide.mcu.externaltools.gnu-tools-for-stm32.11.3.rel1.win32_1.1.1.202309131626/tools/bin/../lib/gcc/arm-none-eabi/11.3.1/../../../../arm-none-eabi/lib/thumb/v7e-m+fp/hard\libm.a
END GROUP
START GROUP
LOAD C:/ST/STM32CubeIDE_1.13.2/STM32CubeIDE/plugins/com.st.stm32cube.ide.mcu.externaltools.gnu-tools-for-stm32.11.3.rel1.win32_1.1.1.202309131626/tools/bin/../lib/gcc/arm-none-eabi/11.3.1/thumb/v7e-m+fp/hard\libgcc.a
LOAD C:/ST/STM32CubeIDE_1.13.2/STM32CubeIDE/plugins/com.st.stm32cube.ide.mcu.externaltools.gnu-tools-for-stm32.11.3.rel1.win32_1.1.1.202309131626/tools/bin/../lib/gcc/arm-none-eabi/11.3.1/../../../../arm-none-eabi/lib/thumb/v7e-m+fp/hard\libc_nano.a
END GROUP
START GROUP
LOAD C:/ST/STM32CubeIDE_1.13.2/STM32CubeIDE/plugins/com.st.stm32cube.ide.mcu.externaltools.gnu-tools-for-stm32.11.3.rel1.win32_1.1.1.202309131626/tools/bin/../lib/gcc/arm-none-eabi/11.3.1/thumb/v7e-m+fp/hard\libgcc.a
LOAD C:/ST/STM32CubeIDE_1.13.2/STM32CubeIDE/plugins/com.st.stm32cube.ide.mcu.externaltools.gnu-tools-for-stm32.11.3.rel1.win32_1.1.1.202309131626/tools/bin/../lib/gcc/arm-none-eabi/11.3.1/../../../../arm-none-eabi/lib/thumb/v7e-m+fp/hard\libc_nano.a
LOAD C:/ST/STM32CubeIDE_1.13.2/STM32CubeIDE/plugins/com.st.stm32cube.ide.mcu.externaltools.gnu-tools-for-stm32.11.3.rel1.win32_1.1.1.202309131626/tools/bin/../lib/gcc/arm-none-eabi/11.3.1/../../../../arm-none-eabi/lib/thumb/v7e-m+fp/hard\libnosys.a
END GROUP
START GROUP
LOAD C:/ST/STM32CubeIDE_1.13.2/STM32CubeIDE/plugins/com.st.stm32cube.ide.mcu.externaltools.gnu-tools-for-stm32.11.3.rel1.win32_1.1.1.202309131626/tools/bin/../lib/gcc/arm-none-eabi/11.3.1/thumb/v7e-m+fp/hard\libgcc.a
LOAD C:/ST/STM32CubeIDE_1.13.2/STM32CubeIDE/plugins/com.st.stm32cube.ide.mcu.externaltools.gnu-tools-for-stm32.11.3.rel1.win32_1.1.1.202309131626/tools/bin/../lib/gcc/arm-none-eabi/11.3.1/../../../../arm-none-eabi/lib/thumb/v7e-m+fp/hard\libc_nano.a
LOAD C:/ST/STM32CubeIDE_1.13.2/STM32CubeIDE/plugins/com.st.stm32cube.ide.mcu.externaltools.gnu-tools-for-stm32.11.3.rel1.win32_1.1.1.202309131626/tools/bin/../lib/gcc/arm-none-eabi/11.3.1/../../../../arm-none-eabi/lib/thumb/v7e-m+fp/hard\libnosys.a
END GROUP
LOAD C:/ST/STM32CubeIDE_1.13.2/STM32CubeIDE/plugins/com.st.stm32cube.ide.mcu.externaltools.gnu-tools-for-stm32.11.3.rel1.win32_1.1.1.202309131626/tools/bin/../lib/gcc/arm-none-eabi/11.3.1/thumb/v7e-m+fp/hard/crtend.o
LOAD C:/ST/STM32CubeIDE_1.13.2/STM32CubeIDE/plugins/com.st.stm32cube.ide.mcu.externaltools.gnu-tools-for-stm32.11.3.rel1.win32_1.1.1.202309131626/tools/bin/../lib/gcc/arm-none-eabi/11.3.1/thumb/v7e-m+fp/hard/crtn.o
                0x0000000020020000                _estack = (ORIGIN (RAM) + LENGTH (RAM))
                0x0000000000001500                _Min_Heap_Size = 0x1500
                0x0000000000000400                _Min_Stack_Size = 0x400

.isr_vector     0x0000000008000000      0x188
                0x0000000008000000                . = ALIGN (0x4)
 *(.isr_vector)
 .isr_vector    0x0000000008000000      0x188 ./Core/Startup/startup_stm32f407vetx.o
                0x0000000008000000                g_pfnVectors
                0x0000000008000188                . = ALIGN (0x4)

.text           0x0000000008000190    0x16fb4
                0x0000000008000190                . = ALIGN (0x4)
 *(.text)
 .text          0x0000000008000190       0x40 C:/ST/STM32CubeIDE_1.13.2/STM32CubeIDE/plugins/com.st.stm32cube.ide.mcu.externaltools.gnu-tools-for-stm32.11.3.rel1.win32_1.1.1.202309131626/tools/bin/../lib/gcc/arm-none-eabi/11.3.1/thumb/v7e-m+fp/hard/crtbegin.o
 .text          0x00000000080001d0       0xa0 C:/ST/STM32CubeIDE_1.13.2/STM32CubeIDE/plugins/com.st.stm32cube.ide.mcu.externaltools.gnu-tools-for-stm32.11.3.rel1.win32_1.1.1.202309131626/tools/bin/../lib/gcc/arm-none-eabi/11.3.1/../../../../arm-none-eabi/lib/thumb/v7e-m+fp/hard\libc_nano.a(libc_a-memchr.o)
                0x00000000080001d0                memchr
 .text          0x0000000008000270       0x10 C:/ST/STM32CubeIDE_1.13.2/STM32CubeIDE/plugins/com.st.stm32cube.ide.mcu.externaltools.gnu-tools-for-stm32.11.3.rel1.win32_1.1.1.202309131626/tools/bin/../lib/gcc/arm-none-eabi/11.3.1/../../../../arm-none-eabi/lib/thumb/v7e-m+fp/hard\libc_nano.a(libc_a-strlen.o)
                0x0000000008000270                strlen
 .text          0x0000000008000280      0x378 C:/ST/STM32CubeIDE_1.13.2/STM32CubeIDE/plugins/com.st.stm32cube.ide.mcu.externaltools.gnu-tools-for-stm32.11.3.rel1.win32_1.1.1.202309131626/tools/bin/../lib/gcc/arm-none-eabi/11.3.1/thumb/v7e-m+fp/hard\libgcc.a(_arm_addsubdf3.o)
                0x0000000008000280                __aeabi_drsub
                0x0000000008000288                __aeabi_dsub
                0x0000000008000288                __subdf3
                0x000000000800028c                __aeabi_dadd
                0x000000000800028c                __adddf3
                0x0000000008000504                __floatunsidf
                0x0000000008000504                __aeabi_ui2d
                0x0000000008000524                __floatsidf
                0x0000000008000524                __aeabi_i2d
                0x0000000008000548                __aeabi_f2d
                0x0000000008000548                __extendsfdf2
                0x000000000800058c                __floatundidf
                0x000000000800058c                __aeabi_ul2d
                0x000000000800059c                __floatdidf
                0x000000000800059c                __aeabi_l2d
 .text          0x00000000080005f8      0x424 C:/ST/STM32CubeIDE_1.13.2/STM32CubeIDE/plugins/com.st.stm32cube.ide.mcu.externaltools.gnu-tools-for-stm32.11.3.rel1.win32_1.1.1.202309131626/tools/bin/../lib/gcc/arm-none-eabi/11.3.1/thumb/v7e-m+fp/hard\libgcc.a(_arm_muldivdf3.o)
                0x00000000080005f8                __aeabi_dmul
                0x00000000080005f8                __muldf3
                0x000000000800084c                __divdf3
                0x000000000800084c                __aeabi_ddiv
 .text          0x0000000008000a1c      0x110 C:/ST/STM32CubeIDE_1.13.2/STM32CubeIDE/plugins/com.st.stm32cube.ide.mcu.externaltools.gnu-tools-for-stm32.11.3.rel1.win32_1.1.1.202309131626/tools/bin/../lib/gcc/arm-none-eabi/11.3.1/thumb/v7e-m+fp/hard\libgcc.a(_arm_cmpdf2.o)
                0x0000000008000a1c                __gtdf2
                0x0000000008000a1c                __gedf2
                0x0000000008000a24                __ltdf2
                0x0000000008000a24                __ledf2
                0x0000000008000a2c                __nedf2
                0x0000000008000a2c                __eqdf2
                0x0000000008000a2c                __cmpdf2
                0x0000000008000aa8                __aeabi_cdrcmple
                0x0000000008000ab8                __aeabi_cdcmpeq
                0x0000000008000ab8                __aeabi_cdcmple
                0x0000000008000ac8                __aeabi_dcmpeq
                0x0000000008000adc                __aeabi_dcmplt
                0x0000000008000af0                __aeabi_dcmple
                0x0000000008000b04                __aeabi_dcmpge
                0x0000000008000b18                __aeabi_dcmpgt
 .text          0x0000000008000b2c       0x2c C:/ST/STM32CubeIDE_1.13.2/STM32CubeIDE/plugins/com.st.stm32cube.ide.mcu.externaltools.gnu-tools-for-stm32.11.3.rel1.win32_1.1.1.202309131626/tools/bin/../lib/gcc/arm-none-eabi/11.3.1/thumb/v7e-m+fp/hard\libgcc.a(_arm_unorddf2.o)
                0x0000000008000b2c                __unorddf2
                0x0000000008000b2c                __aeabi_dcmpun
 .text          0x0000000008000b58       0x50 C:/ST/STM32CubeIDE_1.13.2/STM32CubeIDE/plugins/com.st.stm32cube.ide.mcu.externaltools.gnu-tools-for-stm32.11.3.rel1.win32_1.1.1.202309131626/tools/bin/../lib/gcc/arm-none-eabi/11.3.1/thumb/v7e-m+fp/hard\libgcc.a(_arm_fixdfsi.o)
                0x0000000008000b58                __aeabi_d2iz
                0x0000000008000b58                __fixdfsi
 .text          0x0000000008000ba8       0x40 C:/ST/STM32CubeIDE_1.13.2/STM32CubeIDE/plugins/com.st.stm32cube.ide.mcu.externaltools.gnu-tools-for-stm32.11.3.rel1.win32_1.1.1.202309131626/tools/bin/../lib/gcc/arm-none-eabi/11.3.1/thumb/v7e-m+fp/hard\libgcc.a(_arm_fixunsdfsi.o)
                0x0000000008000ba8                __aeabi_d2uiz
                0x0000000008000ba8                __fixunsdfsi
 .text          0x0000000008000be8       0xa0 C:/ST/STM32CubeIDE_1.13.2/STM32CubeIDE/plugins/com.st.stm32cube.ide.mcu.externaltools.gnu-tools-for-stm32.11.3.rel1.win32_1.1.1.202309131626/tools/bin/../lib/gcc/arm-none-eabi/11.3.1/thumb/v7e-m+fp/hard\libgcc.a(_arm_truncdfsf2.o)
                0x0000000008000be8                __truncdfsf2
                0x0000000008000be8                __aeabi_d2f
 .text          0x0000000008000c88       0x30 C:/ST/STM32CubeIDE_1.13.2/STM32CubeIDE/plugins/com.st.stm32cube.ide.mcu.externaltools.gnu-tools-for-stm32.11.3.rel1.win32_1.1.1.202309131626/tools/bin/../lib/gcc/arm-none-eabi/11.3.1/thumb/v7e-m+fp/hard\libgcc.a(_aeabi_uldivmod.o)
                0x0000000008000c88                __aeabi_uldivmod
 .text          0x0000000008000cb8       0x30 C:/ST/STM32CubeIDE_1.13.2/STM32CubeIDE/plugins/com.st.stm32cube.ide.mcu.externaltools.gnu-tools-for-stm32.11.3.rel1.win32_1.1.1.202309131626/tools/bin/../lib/gcc/arm-none-eabi/11.3.1/thumb/v7e-m+fp/hard\libgcc.a(_fixdfdi.o)
                0x0000000008000cb8                __fixdfdi
                0x0000000008000cb8                __aeabi_d2lz
 .text          0x0000000008000ce8       0x3c C:/ST/STM32CubeIDE_1.13.2/STM32CubeIDE/plugins/com.st.stm32cube.ide.mcu.externaltools.gnu-tools-for-stm32.11.3.rel1.win32_1.1.1.202309131626/tools/bin/../lib/gcc/arm-none-eabi/11.3.1/thumb/v7e-m+fp/hard\libgcc.a(_fixunsdfdi.o)
                0x0000000008000ce8                __fixunsdfdi
                0x0000000008000ce8                __aeabi_d2ulz
 .text          0x0000000008000d24      0x2c8 C:/ST/STM32CubeIDE_1.13.2/STM32CubeIDE/plugins/com.st.stm32cube.ide.mcu.externaltools.gnu-tools-for-stm32.11.3.rel1.win32_1.1.1.202309131626/tools/bin/../lib/gcc/arm-none-eabi/11.3.1/thumb/v7e-m+fp/hard\libgcc.a(_udivmoddi4.o)
                0x0000000008000d24                __udivmoddi4
 .text          0x0000000008000fec        0x4 C:/ST/STM32CubeIDE_1.13.2/STM32CubeIDE/plugins/com.st.stm32cube.ide.mcu.externaltools.gnu-tools-for-stm32.11.3.rel1.win32_1.1.1.202309131626/tools/bin/../lib/gcc/arm-none-eabi/11.3.1/thumb/v7e-m+fp/hard\libgcc.a(_dvmd_tls.o)
                0x0000000008000fec                __aeabi_idiv0
                0x0000000008000fec                __aeabi_ldiv0
 *(.text*)
 .text.seekMem  0x0000000008000ff0       0x1c ./Core/Src/AnimatedGIF.o
 .text.readMem  0x000000000800100c       0x30 ./Core/Src/AnimatedGIF.o
 .text.GIFParseInfo
                0x000000000800103c      0x4dc ./Core/Src/AnimatedGIF.o
 .text.GIFGetMoreData.isra.0
                0x0000000008001518       0xf0 ./Core/Src/AnimatedGIF.o
 .text.GIFMakePels
                0x0000000008001608      0x12c ./Core/Src/AnimatedGIF.o
 .text.DecodeLZW.constprop.0
                0x0000000008001734      0x2a8 ./Core/Src/AnimatedGIF.o
 .text.GIF_begin
                0x00000000080019dc       0x18 ./Core/Src/AnimatedGIF.o
                0x00000000080019dc                GIF_begin
 .text.GIF_openRAM
                0x00000000080019f4       0x48 ./Core/Src/AnimatedGIF.o
                0x00000000080019f4                GIF_openRAM
 .text.GIF_playFrame
                0x0000000008001a3c       0x58 ./Core/Src/AnimatedGIF.o
                0x0000000008001a3c                GIF_playFrame
 .text.GIF_getCanvasWidth
                0x0000000008001a94        0x4 ./Core/Src/AnimatedGIF.o
                0x0000000008001a94                GIF_getCanvasWidth
 .text.GIF_getCanvasHeight
                0x0000000008001a98        0x4 ./Core/Src/AnimatedGIF.o
                0x0000000008001a98                GIF_getCanvasHeight
 .text.GetTimeForClock
                0x0000000008001a9c       0x8c ./Core/Src/main.o
 .text.SwitchMode
                0x0000000008001b28      0x174 ./Core/Src/main.o
 *fill*         0x0000000008001c9c        0x4 
 .text.SystemClock_Config
                0x0000000008001ca0       0xb0 ./Core/Src/main.o
                0x0000000008001ca0                SystemClock_Config
 .text.startup.main
                0x0000000008001d50      0xa9c ./Core/Src/main.o
                0x0000000008001d50                main
 .text.Error_Handler
                0x00000000080027ec        0x4 ./Core/Src/main.o
                0x00000000080027ec                Error_Handler
 .text.HAL_MspInit
                0x00000000080027f0       0x38 ./Core/Src/stm32f4xx_hal_msp.o
                0x00000000080027f0                HAL_MspInit
 .text.HAL_RTC_MspInit
                0x0000000008002828       0x48 ./Core/Src/stm32f4xx_hal_msp.o
                0x0000000008002828                HAL_RTC_MspInit
 .text.HAL_SPI_MspInit
                0x0000000008002870       0xac ./Core/Src/stm32f4xx_hal_msp.o
                0x0000000008002870                HAL_SPI_MspInit
 .text.HAL_TIM_Base_MspInit
                0x000000000800291c       0x30 ./Core/Src/stm32f4xx_hal_msp.o
                0x000000000800291c                HAL_TIM_Base_MspInit
 *fill*         0x000000000800294c        0x4 
 .text.HAL_TIM_MspPostInit
                0x0000000008002950       0x60 ./Core/Src/stm32f4xx_hal_msp.o
                0x0000000008002950                HAL_TIM_MspPostInit
 .text.NMI_Handler
                0x00000000080029b0        0x4 ./Core/Src/stm32f4xx_it.o
                0x00000000080029b0                NMI_Handler
 .text.HardFault_Handler
                0x00000000080029b4        0x4 ./Core/Src/stm32f4xx_it.o
                0x00000000080029b4                HardFault_Handler
 .text.MemManage_Handler
                0x00000000080029b8        0x4 ./Core/Src/stm32f4xx_it.o
                0x00000000080029b8                MemManage_Handler
 .text.BusFault_Handler
                0x00000000080029bc        0x4 ./Core/Src/stm32f4xx_it.o
                0x00000000080029bc                BusFault_Handler
 .text.UsageFault_Handler
                0x00000000080029c0        0x4 ./Core/Src/stm32f4xx_it.o
                0x00000000080029c0                UsageFault_Handler
 .text.SVC_Handler
                0x00000000080029c4        0x4 ./Core/Src/stm32f4xx_it.o
                0x00000000080029c4                SVC_Handler
 .text.DebugMon_Handler
                0x00000000080029c8        0x4 ./Core/Src/stm32f4xx_it.o
                0x00000000080029c8                DebugMon_Handler
 .text.PendSV_Handler
                0x00000000080029cc        0x4 ./Core/Src/stm32f4xx_it.o
                0x00000000080029cc                PendSV_Handler
 .text.SysTick_Handler
                0x00000000080029d0        0x4 ./Core/Src/stm32f4xx_it.o
                0x00000000080029d0                SysTick_Handler
 .text.DMA2_Stream3_IRQHandler
                0x00000000080029d4        0xc ./Core/Src/stm32f4xx_it.o
                0x00000000080029d4                DMA2_Stream3_IRQHandler
 .text._getpid  0x00000000080029e0        0x4 ./Core/Src/syscalls.o
                0x00000000080029e0                _getpid
 .text._kill    0x00000000080029e4       0x10 ./Core/Src/syscalls.o
                0x00000000080029e4                _kill
 .text._exit    0x00000000080029f4        0xc ./Core/Src/syscalls.o
                0x00000000080029f4                _exit
 .text._read    0x0000000008002a00       0x1c ./Core/Src/syscalls.o
                0x0000000008002a00                _read
 .text._write   0x0000000008002a1c       0x1c ./Core/Src/syscalls.o
                0x0000000008002a1c                _write
 .text._close   0x0000000008002a38        0x8 ./Core/Src/syscalls.o
                0x0000000008002a38                _close
 .text._fstat   0x0000000008002a40        0xc ./Core/Src/syscalls.o
                0x0000000008002a40                _fstat
 .text._isatty  0x0000000008002a4c        0x4 ./Core/Src/syscalls.o
                0x0000000008002a4c                _isatty
 .text._lseek   0x0000000008002a50        0x4 ./Core/Src/syscalls.o
                0x0000000008002a50                _lseek
 .text._sbrk    0x0000000008002a54       0x44 ./Core/Src/sysmem.o
                0x0000000008002a54                _sbrk
 .text.SystemInit
                0x0000000008002a98       0x14 ./Core/Src/system_stm32f4xx.o
                0x0000000008002a98                SystemInit
 .text.Ampelmann_ResetView
                0x0000000008002aac       0x58 ./Core/Src/demo/ampelmann.o
                0x0000000008002aac                Ampelmann_ResetView
 .text.Ampelmann_Draw
                0x0000000008002b04      0x168 ./Core/Src/demo/ampelmann.o
                0x0000000008002b04                Ampelmann_Draw
 .text.Benchmark_ResetView
                0x0000000008002c6c       0x30 ./Core/Src/demo/benchmark_mode.o
                0x0000000008002c6c                Benchmark_ResetView
 .text.Benchmark_Draw
                0x0000000008002c9c      0x4c0 ./Core/Src/demo/benchmark_mode.o
                0x0000000008002c9c                Benchmark_Draw
 .text.CalcTables
                0x000000000800315c       0xfc ./Core/Src/demo/boat_gauges.o
 .text.BoatGauges_ResetView
                0x0000000008003258       0x44 ./Core/Src/demo/boat_gauges.o
                0x0000000008003258                BoatGauges_ResetView
 .text.BoatGauges_OnK0
                0x000000000800329c       0x44 ./Core/Src/demo/boat_gauges.o
                0x000000000800329c                BoatGauges_OnK0
 .text.BoatGauges_Draw
                0x00000000080032e0      0x220 ./Core/Src/demo/boat_gauges.o
                0x00000000080032e0                BoatGauges_Draw
 .text.BodmerSingleYY_ResetView
                0x0000000008003500       0x34 ./Core/Src/demo/bodmer_single_yinyang.o
                0x0000000008003500                BodmerSingleYY_ResetView
 .text.BodmerSingleYY_Draw
                0x0000000008003534      0x198 ./Core/Src/demo/bodmer_single_yinyang.o
                0x0000000008003534                BodmerSingleYY_Draw
 .text.BodmerSpiral_ResetView
                0x00000000080036cc       0x68 ./Core/Src/demo/bodmer_spiral.o
                0x00000000080036cc                BodmerSpiral_ResetView
 .text.BodmerSpiral_Draw
                0x0000000008003734      0x3cc ./Core/Src/demo/bodmer_spiral.o
                0x0000000008003734                BodmerSpiral_Draw
 .text.Clock_SetEdit
                0x0000000008003b00       0x18 ./Core/Src/demo/clock.o
                0x0000000008003b00                Clock_SetEdit
 .text.DrawClock
                0x0000000008003b18      0x548 ./Core/Src/demo/clock.o
                0x0000000008003b18                DrawClock
 .text.Clock5_Reset
                0x0000000008004060       0x54 ./Core/Src/demo/clock.o
                0x0000000008004060                Clock5_Reset
 *fill*         0x00000000080040b4        0x4 
 .text.DrawClock5
                0x00000000080040b8      0x558 ./Core/Src/demo/clock.o
                0x00000000080040b8                DrawClock5
 .text.DrawCompas
                0x0000000008004610      0x628 ./Core/Src/demo/compas.o
                0x0000000008004610                DrawCompas
 .text.dispcolor_DrawRoundRect
                0x0000000008004c38      0x2f0 ./Core/Src/demo/gfx_extra.o
                0x0000000008004c38                dispcolor_DrawRoundRect
 .text.dispcolor_FillRoundRect
                0x0000000008004f28      0x204 ./Core/Src/demo/gfx_extra.o
                0x0000000008004f28                dispcolor_FillRoundRect
 .text.GIFDraw  0x000000000800512c       0x68 ./Core/Src/demo/gif_mode.o
                0x000000000800512c                GIFDraw
 .text.GifMode_Reset
                0x0000000008005194       0x14 ./Core/Src/demo/gif_mode.o
                0x0000000008005194                GifMode_Reset
 .text.GifMode_Init
                0x00000000080051a8       0xb0 ./Core/Src/demo/gif_mode.o
                0x00000000080051a8                GifMode_Init
 .text.GifMode_Draw
                0x0000000008005258       0xf4 ./Core/Src/demo/gif_mode.o
                0x0000000008005258                GifMode_Draw
 .text.DrawCenteredInBox
                0x000000000800534c       0xc0 ./Core/Src/demo/htp.o
 .text.HTP_Init
                0x000000000800540c       0x2c ./Core/Src/demo/htp.o
                0x000000000800540c                HTP_Init
 .text.HTP_ResetView
                0x0000000008005438       0x24 ./Core/Src/demo/htp.o
                0x0000000008005438                HTP_ResetView
 .text.HTP_Draw_Round
                0x000000000800545c      0x564 ./Core/Src/demo/htp.o
                0x000000000800545c                HTP_Draw_Round
 .text.HM_DrawNeedle
                0x00000000080059c0      0x3a8 ./Core/Src/demo/humidity_meter.o
 .text.HumidityMeter_ResetView
                0x0000000008005d68      0x558 ./Core/Src/demo/humidity_meter.o
                0x0000000008005d68                HumidityMeter_ResetView
 .text.HumidityMeter_Draw
                0x00000000080062c0      0x160 ./Core/Src/demo/humidity_meter.o
                0x00000000080062c0                HumidityMeter_Draw
 .text.Hvac_Init
                0x0000000008006420       0x24 ./Core/Src/demo/hvac.o
                0x0000000008006420                Hvac_Init
 .text.Hvac_OnK0
                0x0000000008006444       0x30 ./Core/Src/demo/hvac.o
                0x0000000008006444                Hvac_OnK0
 .text.Hvac_OnK1
                0x0000000008006474       0x20 ./Core/Src/demo/hvac.o
                0x0000000008006474                Hvac_OnK1
 .text.Hvac_OnCombo
                0x0000000008006494       0x28 ./Core/Src/demo/hvac.o
                0x0000000008006494                Hvac_OnCombo
 .text.Hvac_Draw_Round
                0x00000000080064bc      0x2ec ./Core/Src/demo/hvac.o
                0x00000000080064bc                Hvac_Draw_Round
 .text.Mono_ResetView
                0x00000000080067a8      0x18c ./Core/Src/demo/mono.o
                0x00000000080067a8                Mono_ResetView
 .text.Mono_Draw
                0x0000000008006934      0x224 ./Core/Src/demo/mono.o
                0x0000000008006934                Mono_Draw
 .text.Power_Init
                0x0000000008006b58       0x9c ./Core/Src/demo/power.o
                0x0000000008006b58                Power_Init
 .text.Power_ResetView
                0x0000000008006bf4       0x14 ./Core/Src/demo/power.o
                0x0000000008006bf4                Power_ResetView
 .text.Power_Draw
                0x0000000008006c08      0x7bc ./Core/Src/demo/power.o
                0x0000000008006c08                Power_Draw
 .text.Rainbow_ResetView
                0x00000000080073c4      0x22c ./Core/Src/demo/rainbow.o
                0x00000000080073c4                Rainbow_ResetView
 .text.Rainbow_Draw
                0x00000000080075f0      0x354 ./Core/Src/demo/rainbow.o
                0x00000000080075f0                Rainbow_Draw
 .text.GetCurrentPos
                0x0000000008007944       0xc0 ./Core/Src/demo/random_move.o
                0x0000000008007944                GetCurrentPos
 .text.RTCPrint_ResetView
                0x0000000008007a04       0x28 ./Core/Src/demo/rtc_print_mode.o
                0x0000000008007a04                RTCPrint_ResetView
 .text.RTCPrint_Draw
                0x0000000008007a2c       0xd0 ./Core/Src/demo/rtc_print_mode.o
                0x0000000008007a2c                RTCPrint_Draw
 .text.Needle_Draw
                0x0000000008007afc       0xdc ./Core/Src/demo/sht21_mode.o
 .text.Text_Draw
                0x0000000008007bd8       0x7c ./Core/Src/demo/sht21_mode.o
 .text.SHT21Mode_ResetView
                0x0000000008007c54      0x1d8 ./Core/Src/demo/sht21_mode.o
                0x0000000008007c54                SHT21Mode_ResetView
 .text.SHT21Mode_Draw
                0x0000000008007e2c       0xf8 ./Core/Src/demo/sht21_mode.o
                0x0000000008007e2c                SHT21Mode_Draw
 *fill*         0x0000000008007f24        0x4 
 .text.DrawStaticElements
                0x0000000008007f28      0x268 ./Core/Src/demo/smooth_clock.o
 .text.SmoothClock_ResetView
                0x0000000008008190       0xa0 ./Core/Src/demo/smooth_clock.o
                0x0000000008008190                SmoothClock_ResetView
 .text.SmoothClock_Draw
                0x0000000008008230      0x3dc ./Core/Src/demo/smooth_clock.o
                0x0000000008008230                SmoothClock_Draw
 .text.Tachometer_Needle
                0x000000000800860c      0x174 ./Core/Src/demo/tachometer.o
 .text.Tachometer_ResetView
                0x0000000008008780      0x32c ./Core/Src/demo/tachometer.o
                0x0000000008008780                Tachometer_ResetView
 .text.Tachometer_Draw
                0x0000000008008aac       0xbc ./Core/Src/demo/tachometer.o
                0x0000000008008aac                Tachometer_Draw
 .text.Test_TextFading
                0x0000000008008b68      0x108 ./Core/Src/demo/textfading.o
                0x0000000008008b68                Test_TextFading
 .text.IndexTag_Draw.constprop.0
                0x0000000008008c70      0x1b8 ./Core/Src/demo/therm3.o
 .text.RingMeter_Draw.constprop.0
                0x0000000008008e28      0x3dc ./Core/Src/demo/therm3.o
 .text.Therm3_Init
                0x0000000008009204       0x50 ./Core/Src/demo/therm3.o
                0x0000000008009204                Therm3_Init
 .text.Therm3_OnK0
                0x0000000008009254       0x3c ./Core/Src/demo/therm3.o
                0x0000000008009254                Therm3_OnK0
 .text.Therm3_OnK1
                0x0000000008009290       0x44 ./Core/Src/demo/therm3.o
                0x0000000008009290                Therm3_OnK1
 .text.Therm3_Draw
                0x00000000080092d4      0x360 ./Core/Src/demo/therm3.o
                0x00000000080092d4                Therm3_Draw
 *fill*         0x0000000008009634        0x4 
 .text.Test_Therm
                0x0000000008009638      0x29c ./Core/Src/demo/thermostat.o
                0x0000000008009638                Test_Therm
 .text.yinyang_00_screen.constprop.0
                0x00000000080098d4      0x138 ./Core/Src/demo/three_orbiting_rotating_yinyang.o
 .text.ThreeYY_ResetView
                0x0000000008009a0c       0x44 ./Core/Src/demo/three_orbiting_rotating_yinyang.o
                0x0000000008009a0c                ThreeYY_ResetView
 .text.ThreeYY_Draw
                0x0000000008009a50      0x1a0 ./Core/Src/demo/three_orbiting_rotating_yinyang.o
                0x0000000008009a50                ThreeYY_Draw
 .text.VoltageMeter_Needle
                0x0000000008009bf0      0x44c ./Core/Src/demo/voltage_meter.o
 .text.VoltageMeter_ResetView
                0x000000000800a03c      0x280 ./Core/Src/demo/voltage_meter.o
                0x000000000800a03c                VoltageMeter_ResetView
 .text.VoltageMeter_Draw
                0x000000000800a2bc      0x1bc ./Core/Src/demo/voltage_meter.o
                0x000000000800a2bc                VoltageMeter_Draw
 .text.DrawDateCircle.constprop.0
                0x000000000800a478       0xfc ./Core/Src/demo/watchface.o
 .text.DrawNeedleTrapezoid.constprop.0
                0x000000000800a574      0x16c ./Core/Src/demo/watchface.o
 .text.DrawSubdialBase.constprop.0
                0x000000000800a6e0      0x124 ./Core/Src/demo/watchface.o
 *fill*         0x000000000800a804        0x4 
 .text.DrawMsCircle
                0x000000000800a808      0x154 ./Core/Src/demo/watchface.o
 .text.Watchface_Reset
                0x000000000800a95c       0x60 ./Core/Src/demo/watchface.o
                0x000000000800a95c                Watchface_Reset
 *fill*         0x000000000800a9bc        0x4 
 .text.Watchface_Draw
                0x000000000800a9c0      0x7b8 ./Core/Src/demo/watchface.o
                0x000000000800a9c0                Watchface_Draw
 .text.GetTimeRTC
                0x000000000800b178       0x40 ./Core/Src/demo/watchface.o
                0x000000000800b178                GetTimeRTC
 .text.dispcolor_DrawChar_General.constprop.1
                0x000000000800b1b8      0x238 ./Core/Src/display/dispcolor.o
 .text.dispcolor_Init
                0x000000000800b3f0       0x34 ./Core/Src/display/dispcolor.o
                0x000000000800b3f0                dispcolor_Init
 .text.dispcolor_Update
                0x000000000800b424        0x4 ./Core/Src/display/dispcolor.o
                0x000000000800b424                dispcolor_Update
 .text.dispcolor_SetBrightness
                0x000000000800b428        0xc ./Core/Src/display/dispcolor.o
                0x000000000800b428                dispcolor_SetBrightness
 .text.dispcolor_DrawPixel
                0x000000000800b434        0x4 ./Core/Src/display/dispcolor.o
                0x000000000800b434                dispcolor_DrawPixel
 .text.dispcolor_FillScreen
                0x000000000800b438       0x28 ./Core/Src/display/dispcolor.o
                0x000000000800b438                dispcolor_FillScreen
 .text.dispcolor_ClearScreen
                0x000000000800b460       0x28 ./Core/Src/display/dispcolor.o
                0x000000000800b460                dispcolor_ClearScreen
 .text.dispcolor_DrawLine
                0x000000000800b488      0x10c ./Core/Src/display/dispcolor.o
                0x000000000800b488                dispcolor_DrawLine
 .text.DrawPixel
                0x000000000800b594       0xb8 ./Core/Src/display/dispcolor.o
                0x000000000800b594                DrawPixel
 .text.dispcolor_DrawLine_Wu
                0x000000000800b64c      0x32c ./Core/Src/display/dispcolor.o
                0x000000000800b64c                dispcolor_DrawLine_Wu
 .text.dispcolor_DrawRectangle
                0x000000000800b978       0x4c ./Core/Src/display/dispcolor.o
                0x000000000800b978                dispcolor_DrawRectangle
 .text.dispcolor_FillRectangle
                0x000000000800b9c4       0x30 ./Core/Src/display/dispcolor.o
                0x000000000800b9c4                dispcolor_FillRectangle
 .text.dispcolor_DrawTriangle
                0x000000000800b9f4       0x44 ./Core/Src/display/dispcolor.o
                0x000000000800b9f4                dispcolor_DrawTriangle
 .text.dispcolor_FillTriangle
                0x000000000800ba38      0x1cc ./Core/Src/display/dispcolor.o
                0x000000000800ba38                dispcolor_FillTriangle
 .text.dispcolor_DrawCircle
                0x000000000800bc04       0xd4 ./Core/Src/display/dispcolor.o
                0x000000000800bc04                dispcolor_DrawCircle
 .text.dispcolor_DrawCircle_Wu
                0x000000000800bcd8      0x21c ./Core/Src/display/dispcolor.o
                0x000000000800bcd8                dispcolor_DrawCircle_Wu
 .text.dispcolor_FillCircle
                0x000000000800bef4       0xa4 ./Core/Src/display/dispcolor.o
                0x000000000800bef4                dispcolor_FillCircle
 .text.dispcolor_DrawLine2
                0x000000000800bf98      0x110 ./Core/Src/display/dispcolor.o
                0x000000000800bf98                dispcolor_DrawLine2
 .text.dispcolor_FillCircleWu
                0x000000000800c0a8       0x28 ./Core/Src/display/dispcolor.o
                0x000000000800c0a8                dispcolor_FillCircleWu
 .text.dispcolor_DrawArc
                0x000000000800c0d0      0x1dc ./Core/Src/display/dispcolor.o
                0x000000000800c0d0                dispcolor_DrawArc
 .text.dispcolor_DrawString
                0x000000000800c2ac       0x64 ./Core/Src/display/dispcolor.o
                0x000000000800c2ac                dispcolor_DrawString
 .text.dispcolor_printf
                0x000000000800c310       0x74 ./Core/Src/display/dispcolor.o
                0x000000000800c310                dispcolor_printf
 .text.dispcolor_GetTextWidth
                0x000000000800c384       0x38 ./Core/Src/display/dispcolor.o
                0x000000000800c384                dispcolor_GetTextWidth
 .text.f10x16f_GetCharTable
                0x000000000800c3bc       0x10 ./Core/Src/display/fonts/f16f.o
                0x000000000800c3bc                f10x16f_GetCharTable
 .text.f24f_GetCharTable
                0x000000000800c3cc       0x40 ./Core/Src/display/fonts/f24f.o
                0x000000000800c3cc                f24f_GetCharTable
 .text.f32f_GetCharTable
                0x000000000800c40c       0x44 ./Core/Src/display/fonts/f32f.o
                0x000000000800c40c                f32f_GetCharTable
 .text.f6x8m_GetCharTable
                0x000000000800c450       0x10 ./Core/Src/display/fonts/f6x8m.o
                0x000000000800c450                f6x8m_GetCharTable
 .text.font_GetFontStruct
                0x000000000800c460       0x1c ./Core/Src/display/fonts/font.o
                0x000000000800c460                font_GetFontStruct
 .text.font_GetCharWidth
                0x000000000800c47c        0x4 ./Core/Src/display/fonts/font.o
                0x000000000800c47c                font_GetCharWidth
 .text.font_GetCharHeight
                0x000000000800c480        0x4 ./Core/Src/display/fonts/font.o
                0x000000000800c480                font_GetCharHeight
 .text.GC9A01A_GetWidth
                0x000000000800c484        0xc ./Core/Src/gc9a01a/gc9a01a.o
                0x000000000800c484                GC9A01A_GetWidth
 .text.GC9A01A_GetHeight
                0x000000000800c490        0xc ./Core/Src/gc9a01a/gc9a01a.o
                0x000000000800c490                GC9A01A_GetHeight
 .text.GC9A01A_SetBL
                0x000000000800c49c       0x24 ./Core/Src/gc9a01a/gc9a01a.o
                0x000000000800c49c                GC9A01A_SetBL
 .text.GC9A01A_DrawPixel
                0x000000000800c4c0       0x38 ./Core/Src/gc9a01a/gc9a01a.o
                0x000000000800c4c0                GC9A01A_DrawPixel
 .text.GC9A01A_GetPixel
                0x000000000800c4f8       0x3c ./Core/Src/gc9a01a/gc9a01a.o
                0x000000000800c4f8                GC9A01A_GetPixel
 .text.GC9A01A_FillRect
                0x000000000800c534      0x114 ./Core/Src/gc9a01a/gc9a01a.o
                0x000000000800c534                GC9A01A_FillRect
 .text.GC9A01A_UpdateRect
                0x000000000800c648      0x2ac ./Core/Src/gc9a01a/gc9a01a.o
                0x000000000800c648                GC9A01A_UpdateRect
 .text.GC9A01A_Update.part.0
                0x000000000800c8f4      0x234 ./Core/Src/gc9a01a/gc9a01a.o
 .text.GC9A01A_Update
                0x000000000800cb28       0x1c ./Core/Src/gc9a01a/gc9a01a.o
                0x000000000800cb28                GC9A01A_Update
 .text.GC9A01A_Init
                0x000000000800cb44     0x139c ./Core/Src/gc9a01a/gc9a01a.o
                0x000000000800cb44                GC9A01A_Init
 .text.tx_next_rect
                0x000000000800dee0      0x128 ./Core/Src/gc9a01a/gc9a01a.o
 .text.tx_next_full
                0x000000000800e008       0xc4 ./Core/Src/gc9a01a/gc9a01a.o
 .text.GC9A01A_IsBusy
                0x000000000800e0cc       0x10 ./Core/Src/gc9a01a/gc9a01a.o
                0x000000000800e0cc                GC9A01A_IsBusy
 .text.HAL_SPI_TxCpltCallback
                0x000000000800e0dc       0x20 ./Core/Src/spim/spim.o
                0x000000000800e0dc                HAL_SPI_TxCpltCallback
 .text.SPI_send_dma
                0x000000000800e0fc       0x38 ./Core/Src/spim/spim.o
                0x000000000800e0fc                SPI_send_dma
 .text.Reset_Handler
                0x000000000800e134       0x50 ./Core/Startup/startup_stm32f407vetx.o
                0x000000000800e134                Reset_Handler
 .text.Default_Handler
                0x000000000800e184        0x2 ./Core/Startup/startup_stm32f407vetx.o
                0x000000000800e184                RTC_Alarm_IRQHandler
                0x000000000800e184                HASH_RNG_IRQHandler
                0x000000000800e184                EXTI2_IRQHandler
                0x000000000800e184                TIM8_CC_IRQHandler
                0x000000000800e184                TIM1_CC_IRQHandler
                0x000000000800e184                DMA2_Stream5_IRQHandler
                0x000000000800e184                DMA1_Stream5_IRQHandler
                0x000000000800e184                PVD_IRQHandler
                0x000000000800e184                SDIO_IRQHandler
                0x000000000800e184                TAMP_STAMP_IRQHandler
                0x000000000800e184                CAN2_RX1_IRQHandler
                0x000000000800e184                EXTI3_IRQHandler
                0x000000000800e184                TIM8_TRG_COM_TIM14_IRQHandler
                0x000000000800e184                TIM1_UP_TIM10_IRQHandler
                0x000000000800e184                TIM8_UP_TIM13_IRQHandler
                0x000000000800e184                I2C3_ER_IRQHandler
                0x000000000800e184                EXTI0_IRQHandler
                0x000000000800e184                I2C2_EV_IRQHandler
                0x000000000800e184                DMA1_Stream2_IRQHandler
                0x000000000800e184                CAN1_RX0_IRQHandler
                0x000000000800e184                FPU_IRQHandler
                0x000000000800e184                OTG_HS_WKUP_IRQHandler
                0x000000000800e184                CAN2_SCE_IRQHandler
                0x000000000800e184                DMA2_Stream2_IRQHandler
                0x000000000800e184                SPI1_IRQHandler
                0x000000000800e184                TIM6_DAC_IRQHandler
                0x000000000800e184                TIM1_BRK_TIM9_IRQHandler
                0x000000000800e184                DCMI_IRQHandler
                0x000000000800e184                CAN2_RX0_IRQHandler
                0x000000000800e184                USART6_IRQHandler
                0x000000000800e184                USART3_IRQHandler
                0x000000000800e184                CAN1_RX1_IRQHandler
                0x000000000800e184                UART5_IRQHandler
                0x000000000800e184                DMA2_Stream0_IRQHandler
                0x000000000800e184                TIM4_IRQHandler
                0x000000000800e184                I2C1_EV_IRQHandler
                0x000000000800e184                DMA1_Stream6_IRQHandler
                0x000000000800e184                DMA1_Stream1_IRQHandler
                0x000000000800e184                UART4_IRQHandler
                0x000000000800e184                TIM3_IRQHandler
                0x000000000800e184                RCC_IRQHandler
                0x000000000800e184                TIM8_BRK_TIM12_IRQHandler
                0x000000000800e184                Default_Handler
                0x000000000800e184                EXTI15_10_IRQHandler
                0x000000000800e184                ADC_IRQHandler
                0x000000000800e184                DMA1_Stream7_IRQHandler
                0x000000000800e184                TIM7_IRQHandler
                0x000000000800e184                CAN2_TX_IRQHandler
                0x000000000800e184                TIM5_IRQHandler
                0x000000000800e184                DMA2_Stream7_IRQHandler
                0x000000000800e184                I2C3_EV_IRQHandler
                0x000000000800e184                EXTI9_5_IRQHandler
                0x000000000800e184                RTC_WKUP_IRQHandler
                0x000000000800e184                ETH_WKUP_IRQHandler
                0x000000000800e184                SPI2_IRQHandler
                0x000000000800e184                OTG_HS_EP1_IN_IRQHandler
                0x000000000800e184                DMA1_Stream0_IRQHandler
                0x000000000800e184                CAN1_TX_IRQHandler
                0x000000000800e184                EXTI4_IRQHandler
                0x000000000800e184                FSMC_IRQHandler
                0x000000000800e184                ETH_IRQHandler
                0x000000000800e184                OTG_HS_EP1_OUT_IRQHandler
                0x000000000800e184                WWDG_IRQHandler
                0x000000000800e184                TIM2_IRQHandler
                0x000000000800e184                OTG_FS_WKUP_IRQHandler
                0x000000000800e184                TIM1_TRG_COM_TIM11_IRQHandler
                0x000000000800e184                OTG_HS_IRQHandler
                0x000000000800e184                EXTI1_IRQHandler
                0x000000000800e184                USART2_IRQHandler
                0x000000000800e184                I2C2_ER_IRQHandler
                0x000000000800e184                DMA2_Stream1_IRQHandler
                0x000000000800e184                CAN1_SCE_IRQHandler
                0x000000000800e184                FLASH_IRQHandler
                0x000000000800e184                DMA2_Stream4_IRQHandler
                0x000000000800e184                USART1_IRQHandler
                0x000000000800e184                OTG_FS_IRQHandler
                0x000000000800e184                SPI3_IRQHandler
                0x000000000800e184                DMA1_Stream4_IRQHandler
                0x000000000800e184                I2C1_ER_IRQHandler
                0x000000000800e184                DMA2_Stream6_IRQHandler
                0x000000000800e184                DMA1_Stream3_IRQHandler
 *fill*         0x000000000800e186        0x2 
 .text.HAL_InitTick
                0x000000000800e188       0x48 ./Drivers/STM32F4xx_HAL_Driver/Src/stm32f4xx_hal.o
                0x000000000800e188                HAL_InitTick
 .text.HAL_Init
                0x000000000800e1d0       0x34 ./Drivers/STM32F4xx_HAL_Driver/Src/stm32f4xx_hal.o
                0x000000000800e1d0                HAL_Init
 .text.HAL_IncTick
                0x000000000800e204       0x18 ./Drivers/STM32F4xx_HAL_Driver/Src/stm32f4xx_hal.o
                0x000000000800e204                HAL_IncTick
 .text.HAL_GetTick
                0x000000000800e21c        0xc ./Drivers/STM32F4xx_HAL_Driver/Src/stm32f4xx_hal.o
                0x000000000800e21c                HAL_GetTick
 .text.HAL_Delay
                0x000000000800e228       0x24 ./Drivers/STM32F4xx_HAL_Driver/Src/stm32f4xx_hal.o
                0x000000000800e228                HAL_Delay
 .text.HAL_NVIC_SetPriorityGrouping
                0x000000000800e24c       0x24 ./Drivers/STM32F4xx_HAL_Driver/Src/stm32f4xx_hal_cortex.o
                0x000000000800e24c                HAL_NVIC_SetPriorityGrouping
 .text.HAL_NVIC_SetPriority
                0x000000000800e270       0x7c ./Drivers/STM32F4xx_HAL_Driver/Src/stm32f4xx_hal_cortex.o
                0x000000000800e270                HAL_NVIC_SetPriority
 .text.HAL_NVIC_EnableIRQ
                0x000000000800e2ec       0x1c ./Drivers/STM32F4xx_HAL_Driver/Src/stm32f4xx_hal_cortex.o
                0x000000000800e2ec                HAL_NVIC_EnableIRQ
 .text.HAL_SYSTICK_Config
                0x000000000800e308       0x34 ./Drivers/STM32F4xx_HAL_Driver/Src/stm32f4xx_hal_cortex.o
                0x000000000800e308                HAL_SYSTICK_Config
 .text.HAL_DMA_Init
                0x000000000800e33c      0x130 ./Drivers/STM32F4xx_HAL_Driver/Src/stm32f4xx_hal_dma.o
                0x000000000800e33c                HAL_DMA_Init
 .text.HAL_DMA_Start_IT
                0x000000000800e46c       0x80 ./Drivers/STM32F4xx_HAL_Driver/Src/stm32f4xx_hal_dma.o
                0x000000000800e46c                HAL_DMA_Start_IT
 .text.HAL_DMA_IRQHandler
                0x000000000800e4ec      0x1ac ./Drivers/STM32F4xx_HAL_Driver/Src/stm32f4xx_hal_dma.o
                0x000000000800e4ec                HAL_DMA_IRQHandler
 .text.HAL_GPIO_Init
                0x000000000800e698      0x244 ./Drivers/STM32F4xx_HAL_Driver/Src/stm32f4xx_hal_gpio.o
                0x000000000800e698                HAL_GPIO_Init
 .text.HAL_GPIO_ReadPin
                0x000000000800e8dc        0xc ./Drivers/STM32F4xx_HAL_Driver/Src/stm32f4xx_hal_gpio.o
                0x000000000800e8dc                HAL_GPIO_ReadPin
 .text.HAL_GPIO_WritePin
                0x000000000800e8e8        0x8 ./Drivers/STM32F4xx_HAL_Driver/Src/stm32f4xx_hal_gpio.o
                0x000000000800e8e8                HAL_GPIO_WritePin
 .text.HAL_RCC_OscConfig
                0x000000000800e8f0      0x3c8 ./Drivers/STM32F4xx_HAL_Driver/Src/stm32f4xx_hal_rcc.o
                0x000000000800e8f0                HAL_RCC_OscConfig
 .text.HAL_RCC_GetSysClockFreq
                0x000000000800ecb8       0x68 ./Drivers/STM32F4xx_HAL_Driver/Src/stm32f4xx_hal_rcc.o
                0x000000000800ecb8                HAL_RCC_GetSysClockFreq
 .text.HAL_RCC_ClockConfig
                0x000000000800ed20      0x13c ./Drivers/STM32F4xx_HAL_Driver/Src/stm32f4xx_hal_rcc.o
                0x000000000800ed20                HAL_RCC_ClockConfig
 .text.HAL_RCCEx_PeriphCLKConfig
                0x000000000800ee5c      0x140 ./Drivers/STM32F4xx_HAL_Driver/Src/stm32f4xx_hal_rcc_ex.o
                0x000000000800ee5c                HAL_RCCEx_PeriphCLKConfig
 .text.HAL_RTC_Init
                0x000000000800ef9c       0xec ./Drivers/STM32F4xx_HAL_Driver/Src/stm32f4xx_hal_rtc.o
                0x000000000800ef9c                HAL_RTC_Init
 .text.HAL_RTC_SetTime
                0x000000000800f088      0x51c ./Drivers/STM32F4xx_HAL_Driver/Src/stm32f4xx_hal_rtc.o
                0x000000000800f088                HAL_RTC_SetTime
 .text.HAL_RTC_GetTime
                0x000000000800f5a4       0x78 ./Drivers/STM32F4xx_HAL_Driver/Src/stm32f4xx_hal_rtc.o
                0x000000000800f5a4                HAL_RTC_GetTime
 .text.HAL_RTC_SetDate
                0x000000000800f61c      0x4e8 ./Drivers/STM32F4xx_HAL_Driver/Src/stm32f4xx_hal_rtc.o
                0x000000000800f61c                HAL_RTC_SetDate
 .text.HAL_RTC_GetDate
                0x000000000800fb04       0x6c ./Drivers/STM32F4xx_HAL_Driver/Src/stm32f4xx_hal_rtc.o
                0x000000000800fb04                HAL_RTC_GetDate
 .text.HAL_RTC_WaitForSynchro
                0x000000000800fb70       0x34 ./Drivers/STM32F4xx_HAL_Driver/Src/stm32f4xx_hal_rtc.o
                0x000000000800fb70                HAL_RTC_WaitForSynchro
 .text.HAL_RTCEx_BKUPWrite
                0x000000000800fba4        0xc ./Drivers/STM32F4xx_HAL_Driver/Src/stm32f4xx_hal_rtc_ex.o
                0x000000000800fba4                HAL_RTCEx_BKUPWrite
 .text.HAL_RTCEx_BKUPRead
                0x000000000800fbb0        0xc ./Drivers/STM32F4xx_HAL_Driver/Src/stm32f4xx_hal_rtc_ex.o
                0x000000000800fbb0                HAL_RTCEx_BKUPRead
 .text.HAL_RTCEx_SetCalibrationOutPut
                0x000000000800fbbc       0x44 ./Drivers/STM32F4xx_HAL_Driver/Src/stm32f4xx_hal_rtc_ex.o
                0x000000000800fbbc                HAL_RTCEx_SetCalibrationOutPut
 .text.SPI_WaitFlagStateUntilTimeout
                0x000000000800fc00       0xd4 ./Drivers/STM32F4xx_HAL_Driver/Src/stm32f4xx_hal_spi.o
 .text.SPI_EndRxTxTransaction.constprop.0
                0x000000000800fcd4      0x110 ./Drivers/STM32F4xx_HAL_Driver/Src/stm32f4xx_hal_spi.o
 .text.SPI_EndRxTxTransaction
                0x000000000800fde4       0x84 ./Drivers/STM32F4xx_HAL_Driver/Src/stm32f4xx_hal_spi.o
 .text.HAL_SPI_Init
                0x000000000800fe68       0xc4 ./Drivers/STM32F4xx_HAL_Driver/Src/stm32f4xx_hal_spi.o
                0x000000000800fe68                HAL_SPI_Init
 .text.HAL_SPI_Transmit
                0x000000000800ff2c      0x20c ./Drivers/STM32F4xx_HAL_Driver/Src/stm32f4xx_hal_spi.o
                0x000000000800ff2c                HAL_SPI_Transmit
 .text.HAL_SPI_Transmit_DMA
                0x0000000008010138       0xc0 ./Drivers/STM32F4xx_HAL_Driver/Src/stm32f4xx_hal_spi.o
                0x0000000008010138                HAL_SPI_Transmit_DMA
 .text.HAL_SPI_TxHalfCpltCallback
                0x00000000080101f8        0x4 ./Drivers/STM32F4xx_HAL_Driver/Src/stm32f4xx_hal_spi.o
                0x00000000080101f8                HAL_SPI_TxHalfCpltCallback
 .text.SPI_DMAHalfTransmitCplt
                0x00000000080101fc        0xc ./Drivers/STM32F4xx_HAL_Driver/Src/stm32f4xx_hal_spi.o
 .text.HAL_SPI_ErrorCallback
                0x0000000008010208        0x4 ./Drivers/STM32F4xx_HAL_Driver/Src/stm32f4xx_hal_spi.o
                0x0000000008010208                HAL_SPI_ErrorCallback
 .text.SPI_DMAError
                0x000000000801020c       0x24 ./Drivers/STM32F4xx_HAL_Driver/Src/stm32f4xx_hal_spi.o
 .text.SPI_DMATransmitCplt
                0x0000000008010230       0x6c ./Drivers/STM32F4xx_HAL_Driver/Src/stm32f4xx_hal_spi.o
 .text.HAL_TIM_Base_Init
                0x000000000801029c      0x120 ./Drivers/STM32F4xx_HAL_Driver/Src/stm32f4xx_hal_tim.o
                0x000000000801029c                HAL_TIM_Base_Init
 .text.HAL_TIM_PWM_MspInit
                0x00000000080103bc        0x4 ./Drivers/STM32F4xx_HAL_Driver/Src/stm32f4xx_hal_tim.o
                0x00000000080103bc                HAL_TIM_PWM_MspInit
 .text.HAL_TIM_PWM_Init
                0x00000000080103c0      0x120 ./Drivers/STM32F4xx_HAL_Driver/Src/stm32f4xx_hal_tim.o
                0x00000000080103c0                HAL_TIM_PWM_Init
 .text.HAL_TIM_PWM_Start
                0x00000000080104e0       0xe0 ./Drivers/STM32F4xx_HAL_Driver/Src/stm32f4xx_hal_tim.o
                0x00000000080104e0                HAL_TIM_PWM_Start
 .text.HAL_TIM_PWM_ConfigChannel
                0x00000000080105c0      0x220 ./Drivers/STM32F4xx_HAL_Driver/Src/stm32f4xx_hal_tim.o
                0x00000000080105c0                HAL_TIM_PWM_ConfigChannel
 .text.srand    0x00000000080107e0       0x5c C:/ST/STM32CubeIDE_1.13.2/STM32CubeIDE/plugins/com.st.stm32cube.ide.mcu.externaltools.gnu-tools-for-stm32.11.3.rel1.win32_1.1.1.202309131626/tools/bin/../lib/gcc/arm-none-eabi/11.3.1/../../../../arm-none-eabi/lib/thumb/v7e-m+fp/hard\libc_nano.a(libc_a-rand.o)
                0x00000000080107e0                srand
 .text.rand     0x000000000801083c       0x7c C:/ST/STM32CubeIDE_1.13.2/STM32CubeIDE/plugins/com.st.stm32cube.ide.mcu.externaltools.gnu-tools-for-stm32.11.3.rel1.win32_1.1.1.202309131626/tools/bin/../lib/gcc/arm-none-eabi/11.3.1/../../../../arm-none-eabi/lib/thumb/v7e-m+fp/hard\libc_nano.a(libc_a-rand.o)
                0x000000000801083c                rand
 .text.__cvt    0x00000000080108b8       0xc4 C:/ST/STM32CubeIDE_1.13.2/STM32CubeIDE/plugins/com.st.stm32cube.ide.mcu.externaltools.gnu-tools-for-stm32.11.3.rel1.win32_1.1.1.202309131626/tools/bin/../lib/gcc/arm-none-eabi/11.3.1/../../../../arm-none-eabi/lib/thumb/v7e-m+fp/hard\libc_nano.a(libc_a-nano-vfprintf_float.o)
                0x00000000080108b8                __cvt
 .text.__exponent
                0x000000000801097c       0x7c C:/ST/STM32CubeIDE_1.13.2/STM32CubeIDE/plugins/com.st.stm32cube.ide.mcu.externaltools.gnu-tools-for-stm32.11.3.rel1.win32_1.1.1.202309131626/tools/bin/../lib/gcc/arm-none-eabi/11.3.1/../../../../arm-none-eabi/lib/thumb/v7e-m+fp/hard\libc_nano.a(libc_a-nano-vfprintf_float.o)
                0x000000000801097c                __exponent
 .text._printf_float
                0x00000000080109f8      0x46c C:/ST/STM32CubeIDE_1.13.2/STM32CubeIDE/plugins/com.st.stm32cube.ide.mcu.externaltools.gnu-tools-for-stm32.11.3.rel1.win32_1.1.1.202309131626/tools/bin/../lib/gcc/arm-none-eabi/11.3.1/../../../../arm-none-eabi/lib/thumb/v7e-m+fp/hard\libc_nano.a(libc_a-nano-vfprintf_float.o)
                0x00000000080109f8                _printf_float
 .text._printf_common
                0x0000000008010e64       0xda C:/ST/STM32CubeIDE_1.13.2/STM32CubeIDE/plugins/com.st.stm32cube.ide.mcu.externaltools.gnu-tools-for-stm32.11.3.rel1.win32_1.1.1.202309131626/tools/bin/../lib/gcc/arm-none-eabi/11.3.1/../../../../arm-none-eabi/lib/thumb/v7e-m+fp/hard\libc_nano.a(libc_a-nano-vfprintf_i.o)
                0x0000000008010e64                _printf_common
 *fill*         0x0000000008010f3e        0x2 
 .text._printf_i
                0x0000000008010f40      0x244 C:/ST/STM32CubeIDE_1.13.2/STM32CubeIDE/plugins/com.st.stm32cube.ide.mcu.externaltools.gnu-tools-for-stm32.11.3.rel1.win32_1.1.1.202309131626/tools/bin/../lib/gcc/arm-none-eabi/11.3.1/../../../../arm-none-eabi/lib/thumb/v7e-m+fp/hard\libc_nano.a(libc_a-nano-vfprintf_i.o)
                0x0000000008010f40                _printf_i
 .text._scanf_float
                0x0000000008011184      0x420 C:/ST/STM32CubeIDE_1.13.2/STM32CubeIDE/plugins/com.st.stm32cube.ide.mcu.externaltools.gnu-tools-for-stm32.11.3.rel1.win32_1.1.1.202309131626/tools/bin/../lib/gcc/arm-none-eabi/11.3.1/../../../../arm-none-eabi/lib/thumb/v7e-m+fp/hard\libc_nano.a(libc_a-nano-vfscanf_float.o)
                0x0000000008011184                _scanf_float
 .text.std      0x00000000080115a4       0x6c C:/ST/STM32CubeIDE_1.13.2/STM32CubeIDE/plugins/com.st.stm32cube.ide.mcu.externaltools.gnu-tools-for-stm32.11.3.rel1.win32_1.1.1.202309131626/tools/bin/../lib/gcc/arm-none-eabi/11.3.1/../../../../arm-none-eabi/lib/thumb/v7e-m+fp/hard\libc_nano.a(libc_a-findfp.o)
 .text.stdio_exit_handler
                0x0000000008011610       0x18 C:/ST/STM32CubeIDE_1.13.2/STM32CubeIDE/plugins/com.st.stm32cube.ide.mcu.externaltools.gnu-tools-for-stm32.11.3.rel1.win32_1.1.1.202309131626/tools/bin/../lib/gcc/arm-none-eabi/11.3.1/../../../../arm-none-eabi/lib/thumb/v7e-m+fp/hard\libc_nano.a(libc_a-findfp.o)
 .text.cleanup_stdio
                0x0000000008011628       0x40 C:/ST/STM32CubeIDE_1.13.2/STM32CubeIDE/plugins/com.st.stm32cube.ide.mcu.externaltools.gnu-tools-for-stm32.11.3.rel1.win32_1.1.1.202309131626/tools/bin/../lib/gcc/arm-none-eabi/11.3.1/../../../../arm-none-eabi/lib/thumb/v7e-m+fp/hard\libc_nano.a(libc_a-findfp.o)
 .text.global_stdio_init.part.0
                0x0000000008011668       0x3c C:/ST/STM32CubeIDE_1.13.2/STM32CubeIDE/plugins/com.st.stm32cube.ide.mcu.externaltools.gnu-tools-for-stm32.11.3.rel1.win32_1.1.1.202309131626/tools/bin/../lib/gcc/arm-none-eabi/11.3.1/../../../../arm-none-eabi/lib/thumb/v7e-m+fp/hard\libc_nano.a(libc_a-findfp.o)
 .text.__sfp_lock_acquire
                0x00000000080116a4        0xc C:/ST/STM32CubeIDE_1.13.2/STM32CubeIDE/plugins/com.st.stm32cube.ide.mcu.externaltools.gnu-tools-for-stm32.11.3.rel1.win32_1.1.1.202309131626/tools/bin/../lib/gcc/arm-none-eabi/11.3.1/../../../../arm-none-eabi/lib/thumb/v7e-m+fp/hard\libc_nano.a(libc_a-findfp.o)
                0x00000000080116a4                __sfp_lock_acquire
 .text.__sfp_lock_release
                0x00000000080116b0        0xc C:/ST/STM32CubeIDE_1.13.2/STM32CubeIDE/plugins/com.st.stm32cube.ide.mcu.externaltools.gnu-tools-for-stm32.11.3.rel1.win32_1.1.1.202309131626/tools/bin/../lib/gcc/arm-none-eabi/11.3.1/../../../../arm-none-eabi/lib/thumb/v7e-m+fp/hard\libc_nano.a(libc_a-findfp.o)
                0x00000000080116b0                __sfp_lock_release
 .text.__sinit  0x00000000080116bc       0x30 C:/ST/STM32CubeIDE_1.13.2/STM32CubeIDE/plugins/com.st.stm32cube.ide.mcu.externaltools.gnu-tools-for-stm32.11.3.rel1.win32_1.1.1.202309131626/tools/bin/../lib/gcc/arm-none-eabi/11.3.1/../../../../arm-none-eabi/lib/thumb/v7e-m+fp/hard\libc_nano.a(libc_a-findfp.o)
                0x00000000080116bc                __sinit
 .text._fwalk_sglue
                0x00000000080116ec       0x3c C:/ST/STM32CubeIDE_1.13.2/STM32CubeIDE/plugins/com.st.stm32cube.ide.mcu.externaltools.gnu-tools-for-stm32.11.3.rel1.win32_1.1.1.202309131626/tools/bin/../lib/gcc/arm-none-eabi/11.3.1/../../../../arm-none-eabi/lib/thumb/v7e-m+fp/hard\libc_nano.a(libc_a-fwalk.o)
                0x00000000080116ec                _fwalk_sglue
 .text.snprintf
                0x0000000008011728       0x68 C:/ST/STM32CubeIDE_1.13.2/STM32CubeIDE/plugins/com.st.stm32cube.ide.mcu.externaltools.gnu-tools-for-stm32.11.3.rel1.win32_1.1.1.202309131626/tools/bin/../lib/gcc/arm-none-eabi/11.3.1/../../../../arm-none-eabi/lib/thumb/v7e-m+fp/hard\libc_nano.a(libc_a-snprintf.o)
                0x0000000008011728                sniprintf
                0x0000000008011728                snprintf
 .text.sprintf  0x0000000008011790       0x40 C:/ST/STM32CubeIDE_1.13.2/STM32CubeIDE/plugins/com.st.stm32cube.ide.mcu.externaltools.gnu-tools-for-stm32.11.3.rel1.win32_1.1.1.202309131626/tools/bin/../lib/gcc/arm-none-eabi/11.3.1/../../../../arm-none-eabi/lib/thumb/v7e-m+fp/hard\libc_nano.a(libc_a-sprintf.o)
                0x0000000008011790                siprintf
                0x0000000008011790                sprintf
 .text.__sread  0x00000000080117d0       0x22 C:/ST/STM32CubeIDE_1.13.2/STM32CubeIDE/plugins/com.st.stm32cube.ide.mcu.externaltools.gnu-tools-for-stm32.11.3.rel1.win32_1.1.1.202309131626/tools/bin/../lib/gcc/arm-none-eabi/11.3.1/../../../../arm-none-eabi/lib/thumb/v7e-m+fp/hard\libc_nano.a(libc_a-stdio.o)
                0x00000000080117d0                __sread
 .text.__swrite
                0x00000000080117f2       0x38 C:/ST/STM32CubeIDE_1.13.2/STM32CubeIDE/plugins/com.st.stm32cube.ide.mcu.externaltools.gnu-tools-for-stm32.11.3.rel1.win32_1.1.1.202309131626/tools/bin/../lib/gcc/arm-none-eabi/11.3.1/../../../../arm-none-eabi/lib/thumb/v7e-m+fp/hard\libc_nano.a(libc_a-stdio.o)
                0x00000000080117f2                __swrite
 .text.__sseek  0x000000000801182a       0x24 C:/ST/STM32CubeIDE_1.13.2/STM32CubeIDE/plugins/com.st.stm32cube.ide.mcu.externaltools.gnu-tools-for-stm32.11.3.rel1.win32_1.1.1.202309131626/tools/bin/../lib/gcc/arm-none-eabi/11.3.1/../../../../arm-none-eabi/lib/thumb/v7e-m+fp/hard\libc_nano.a(libc_a-stdio.o)
                0x000000000801182a                __sseek
 .text.__sclose
                0x000000000801184e        0x8 C:/ST/STM32CubeIDE_1.13.2/STM32CubeIDE/plugins/com.st.stm32cube.ide.mcu.externaltools.gnu-tools-for-stm32.11.3.rel1.win32_1.1.1.202309131626/tools/bin/../lib/gcc/arm-none-eabi/11.3.1/../../../../arm-none-eabi/lib/thumb/v7e-m+fp/hard\libc_nano.a(libc_a-stdio.o)
                0x000000000801184e                __sclose
 .text._vsnprintf_r
                0x0000000008011856       0x56 C:/ST/STM32CubeIDE_1.13.2/STM32CubeIDE/plugins/com.st.stm32cube.ide.mcu.externaltools.gnu-tools-for-stm32.11.3.rel1.win32_1.1.1.202309131626/tools/bin/../lib/gcc/arm-none-eabi/11.3.1/../../../../arm-none-eabi/lib/thumb/v7e-m+fp/hard\libc_nano.a(libc_a-vsnprintf.o)
                0x0000000008011856                _vsniprintf_r
                0x0000000008011856                _vsnprintf_r
 .text.vsnprintf
                0x00000000080118ac       0x1c C:/ST/STM32CubeIDE_1.13.2/STM32CubeIDE/plugins/com.st.stm32cube.ide.mcu.externaltools.gnu-tools-for-stm32.11.3.rel1.win32_1.1.1.202309131626/tools/bin/../lib/gcc/arm-none-eabi/11.3.1/../../../../arm-none-eabi/lib/thumb/v7e-m+fp/hard\libc_nano.a(libc_a-vsnprintf.o)
                0x00000000080118ac                vsniprintf
                0x00000000080118ac                vsnprintf
 .text.memcmp   0x00000000080118c8       0x20 C:/ST/STM32CubeIDE_1.13.2/STM32CubeIDE/plugins/com.st.stm32cube.ide.mcu.externaltools.gnu-tools-for-stm32.11.3.rel1.win32_1.1.1.202309131626/tools/bin/../lib/gcc/arm-none-eabi/11.3.1/../../../../arm-none-eabi/lib/thumb/v7e-m+fp/hard\libc_nano.a(libc_a-memcmp.o)
                0x00000000080118c8                memcmp
 .text.memmove  0x00000000080118e8       0x34 C:/ST/STM32CubeIDE_1.13.2/STM32CubeIDE/plugins/com.st.stm32cube.ide.mcu.externaltools.gnu-tools-for-stm32.11.3.rel1.win32_1.1.1.202309131626/tools/bin/../lib/gcc/arm-none-eabi/11.3.1/../../../../arm-none-eabi/lib/thumb/v7e-m+fp/hard\libc_nano.a(libc_a-memmove.o)
                0x00000000080118e8                memmove
 .text.memset   0x000000000801191c       0x10 C:/ST/STM32CubeIDE_1.13.2/STM32CubeIDE/plugins/com.st.stm32cube.ide.mcu.externaltools.gnu-tools-for-stm32.11.3.rel1.win32_1.1.1.202309131626/tools/bin/../lib/gcc/arm-none-eabi/11.3.1/../../../../arm-none-eabi/lib/thumb/v7e-m+fp/hard\libc_nano.a(libc_a-memset.o)
                0x000000000801191c                memset
 .text._localeconv_r
                0x000000000801192c        0x8 C:/ST/STM32CubeIDE_1.13.2/STM32CubeIDE/plugins/com.st.stm32cube.ide.mcu.externaltools.gnu-tools-for-stm32.11.3.rel1.win32_1.1.1.202309131626/tools/bin/../lib/gcc/arm-none-eabi/11.3.1/../../../../arm-none-eabi/lib/thumb/v7e-m+fp/hard\libc_nano.a(libc_a-localeconv.o)
                0x000000000801192c                _localeconv_r
 .text._close_r
                0x0000000008011934       0x20 C:/ST/STM32CubeIDE_1.13.2/STM32CubeIDE/plugins/com.st.stm32cube.ide.mcu.externaltools.gnu-tools-for-stm32.11.3.rel1.win32_1.1.1.202309131626/tools/bin/../lib/gcc/arm-none-eabi/11.3.1/../../../../arm-none-eabi/lib/thumb/v7e-m+fp/hard\libc_nano.a(libc_a-closer.o)
                0x0000000008011934                _close_r
 .text._lseek_r
                0x0000000008011954       0x24 C:/ST/STM32CubeIDE_1.13.2/STM32CubeIDE/plugins/com.st.stm32cube.ide.mcu.externaltools.gnu-tools-for-stm32.11.3.rel1.win32_1.1.1.202309131626/tools/bin/../lib/gcc/arm-none-eabi/11.3.1/../../../../arm-none-eabi/lib/thumb/v7e-m+fp/hard\libc_nano.a(libc_a-lseekr.o)
                0x0000000008011954                _lseek_r
 .text._read_r  0x0000000008011978       0x24 C:/ST/STM32CubeIDE_1.13.2/STM32CubeIDE/plugins/com.st.stm32cube.ide.mcu.externaltools.gnu-tools-for-stm32.11.3.rel1.win32_1.1.1.202309131626/tools/bin/../lib/gcc/arm-none-eabi/11.3.1/../../../../arm-none-eabi/lib/thumb/v7e-m+fp/hard\libc_nano.a(libc_a-readr.o)
                0x0000000008011978                _read_r
 .text._write_r
                0x000000000801199c       0x24 C:/ST/STM32CubeIDE_1.13.2/STM32CubeIDE/plugins/com.st.stm32cube.ide.mcu.externaltools.gnu-tools-for-stm32.11.3.rel1.win32_1.1.1.202309131626/tools/bin/../lib/gcc/arm-none-eabi/11.3.1/../../../../arm-none-eabi/lib/thumb/v7e-m+fp/hard\libc_nano.a(libc_a-writer.o)
                0x000000000801199c                _write_r
 .text.__errno  0x00000000080119c0        0xc C:/ST/STM32CubeIDE_1.13.2/STM32CubeIDE/plugins/com.st.stm32cube.ide.mcu.externaltools.gnu-tools-for-stm32.11.3.rel1.win32_1.1.1.202309131626/tools/bin/../lib/gcc/arm-none-eabi/11.3.1/../../../../arm-none-eabi/lib/thumb/v7e-m+fp/hard\libc_nano.a(libc_a-errno.o)
                0x00000000080119c0                __errno
 .text.__libc_init_array
                0x00000000080119cc       0x48 C:/ST/STM32CubeIDE_1.13.2/STM32CubeIDE/plugins/com.st.stm32cube.ide.mcu.externaltools.gnu-tools-for-stm32.11.3.rel1.win32_1.1.1.202309131626/tools/bin/../lib/gcc/arm-none-eabi/11.3.1/../../../../arm-none-eabi/lib/thumb/v7e-m+fp/hard\libc_nano.a(libc_a-init.o)
                0x00000000080119cc                __libc_init_array
 .text.__retarget_lock_init_recursive
                0x0000000008011a14        0x2 C:/ST/STM32CubeIDE_1.13.2/STM32CubeIDE/plugins/com.st.stm32cube.ide.mcu.externaltools.gnu-tools-for-stm32.11.3.rel1.win32_1.1.1.202309131626/tools/bin/../lib/gcc/arm-none-eabi/11.3.1/../../../../arm-none-eabi/lib/thumb/v7e-m+fp/hard\libc_nano.a(libc_a-lock.o)
                0x0000000008011a14                __retarget_lock_init_recursive
 .text.__retarget_lock_acquire_recursive
                0x0000000008011a16        0x2 C:/ST/STM32CubeIDE_1.13.2/STM32CubeIDE/plugins/com.st.stm32cube.ide.mcu.externaltools.gnu-tools-for-stm32.11.3.rel1.win32_1.1.1.202309131626/tools/bin/../lib/gcc/arm-none-eabi/11.3.1/../../../../arm-none-eabi/lib/thumb/v7e-m+fp/hard\libc_nano.a(libc_a-lock.o)
                0x0000000008011a16                __retarget_lock_acquire_recursive
 .text.__retarget_lock_release_recursive
                0x0000000008011a18        0x2 C:/ST/STM32CubeIDE_1.13.2/STM32CubeIDE/plugins/com.st.stm32cube.ide.mcu.externaltools.gnu-tools-for-stm32.11.3.rel1.win32_1.1.1.202309131626/tools/bin/../lib/gcc/arm-none-eabi/11.3.1/../../../../arm-none-eabi/lib/thumb/v7e-m+fp/hard\libc_nano.a(libc_a-lock.o)
                0x0000000008011a18                __retarget_lock_release_recursive
 .text.memcpy   0x0000000008011a1a       0x1c C:/ST/STM32CubeIDE_1.13.2/STM32CubeIDE/plugins/com.st.stm32cube.ide.mcu.externaltools.gnu-tools-for-stm32.11.3.rel1.win32_1.1.1.202309131626/tools/bin/../lib/gcc/arm-none-eabi/11.3.1/../../../../arm-none-eabi/lib/thumb/v7e-m+fp/hard\libc_nano.a(libc_a-memcpy-stub.o)
                0x0000000008011a1a                memcpy
 *fill*         0x0000000008011a36        0x2 
 .text.nanf     0x0000000008011a38        0xc C:/ST/STM32CubeIDE_1.13.2/STM32CubeIDE/plugins/com.st.stm32cube.ide.mcu.externaltools.gnu-tools-for-stm32.11.3.rel1.win32_1.1.1.202309131626/tools/bin/../lib/gcc/arm-none-eabi/11.3.1/../../../../arm-none-eabi/lib/thumb/v7e-m+fp/hard\libc_nano.a(libm_a-sf_nan.o)
                0x0000000008011a38                nanf
 .text.__assert_func
                0x0000000008011a44       0x3c C:/ST/STM32CubeIDE_1.13.2/STM32CubeIDE/plugins/com.st.stm32cube.ide.mcu.externaltools.gnu-tools-for-stm32.11.3.rel1.win32_1.1.1.202309131626/tools/bin/../lib/gcc/arm-none-eabi/11.3.1/../../../../arm-none-eabi/lib/thumb/v7e-m+fp/hard\libc_nano.a(libc_a-assert.o)
                0x0000000008011a44                __assert_func
 .text.quorem   0x0000000008011a80      0x110 C:/ST/STM32CubeIDE_1.13.2/STM32CubeIDE/plugins/com.st.stm32cube.ide.mcu.externaltools.gnu-tools-for-stm32.11.3.rel1.win32_1.1.1.202309131626/tools/bin/../lib/gcc/arm-none-eabi/11.3.1/../../../../arm-none-eabi/lib/thumb/v7e-m+fp/hard\libc_nano.a(libc_a-dtoa.o)
 .text._dtoa_r  0x0000000008011b90      0xbe4 C:/ST/STM32CubeIDE_1.13.2/STM32CubeIDE/plugins/com.st.stm32cube.ide.mcu.externaltools.gnu-tools-for-stm32.11.3.rel1.win32_1.1.1.202309131626/tools/bin/../lib/gcc/arm-none-eabi/11.3.1/../../../../arm-none-eabi/lib/thumb/v7e-m+fp/hard\libc_nano.a(libc_a-dtoa.o)
                0x0000000008011b90                _dtoa_r
 .text._free_r  0x0000000008012774       0x98 C:/ST/STM32CubeIDE_1.13.2/STM32CubeIDE/plugins/com.st.stm32cube.ide.mcu.externaltools.gnu-tools-for-stm32.11.3.rel1.win32_1.1.1.202309131626/tools/bin/../lib/gcc/arm-none-eabi/11.3.1/../../../../arm-none-eabi/lib/thumb/v7e-m+fp/hard\libc_nano.a(libc_a-freer.o)
                0x0000000008012774                _free_r
 .text.malloc   0x000000000801280c       0x10 C:/ST/STM32CubeIDE_1.13.2/STM32CubeIDE/plugins/com.st.stm32cube.ide.mcu.externaltools.gnu-tools-for-stm32.11.3.rel1.win32_1.1.1.202309131626/tools/bin/../lib/gcc/arm-none-eabi/11.3.1/../../../../arm-none-eabi/lib/thumb/v7e-m+fp/hard\libc_nano.a(libc_a-malloc.o)
                0x000000000801280c                malloc
 .text.sbrk_aligned
                0x000000000801281c       0x40 C:/ST/STM32CubeIDE_1.13.2/STM32CubeIDE/plugins/com.st.stm32cube.ide.mcu.externaltools.gnu-tools-for-stm32.11.3.rel1.win32_1.1.1.202309131626/tools/bin/../lib/gcc/arm-none-eabi/11.3.1/../../../../arm-none-eabi/lib/thumb/v7e-m+fp/hard\libc_nano.a(libc_a-mallocr.o)
 .text._malloc_r
                0x000000000801285c      0x100 C:/ST/STM32CubeIDE_1.13.2/STM32CubeIDE/plugins/com.st.stm32cube.ide.mcu.externaltools.gnu-tools-for-stm32.11.3.rel1.win32_1.1.1.202309131626/tools/bin/../lib/gcc/arm-none-eabi/11.3.1/../../../../arm-none-eabi/lib/thumb/v7e-m+fp/hard\libc_nano.a(libc_a-mallocr.o)
                0x000000000801285c                _malloc_r
 .text.__malloc_lock
                0x000000000801295c        0xc C:/ST/STM32CubeIDE_1.13.2/STM32CubeIDE/plugins/com.st.stm32cube.ide.mcu.externaltools.gnu-tools-for-stm32.11.3.rel1.win32_1.1.1.202309131626/tools/bin/../lib/gcc/arm-none-eabi/11.3.1/../../../../arm-none-eabi/lib/thumb/v7e-m+fp/hard\libc_nano.a(libc_a-mlock.o)
                0x000000000801295c                __malloc_lock
 .text.__malloc_unlock
                0x0000000008012968        0xc C:/ST/STM32CubeIDE_1.13.2/STM32CubeIDE/plugins/com.st.stm32cube.ide.mcu.externaltools.gnu-tools-for-stm32.11.3.rel1.win32_1.1.1.202309131626/tools/bin/../lib/gcc/arm-none-eabi/11.3.1/../../../../arm-none-eabi/lib/thumb/v7e-m+fp/hard\libc_nano.a(libc_a-mlock.o)
                0x0000000008012968                __malloc_unlock
 .text._Balloc  0x0000000008012974       0x80 C:/ST/STM32CubeIDE_1.13.2/STM32CubeIDE/plugins/com.st.stm32cube.ide.mcu.externaltools.gnu-tools-for-stm32.11.3.rel1.win32_1.1.1.202309131626/tools/bin/../lib/gcc/arm-none-eabi/11.3.1/../../../../arm-none-eabi/lib/thumb/v7e-m+fp/hard\libc_nano.a(libc_a-mprec.o)
                0x0000000008012974                _Balloc
 .text._Bfree   0x00000000080129f4       0x44 C:/ST/STM32CubeIDE_1.13.2/STM32CubeIDE/plugins/com.st.stm32cube.ide.mcu.externaltools.gnu-tools-for-stm32.11.3.rel1.win32_1.1.1.202309131626/tools/bin/../lib/gcc/arm-none-eabi/11.3.1/../../../../arm-none-eabi/lib/thumb/v7e-m+fp/hard\libc_nano.a(libc_a-mprec.o)
                0x00000000080129f4                _Bfree
 .text.__multadd
                0x0000000008012a38       0x8c C:/ST/STM32CubeIDE_1.13.2/STM32CubeIDE/plugins/com.st.stm32cube.ide.mcu.externaltools.gnu-tools-for-stm32.11.3.rel1.win32_1.1.1.202309131626/tools/bin/../lib/gcc/arm-none-eabi/11.3.1/../../../../arm-none-eabi/lib/thumb/v7e-m+fp/hard\libc_nano.a(libc_a-mprec.o)
                0x0000000008012a38                __multadd
 .text.__s2b    0x0000000008012ac4       0x94 C:/ST/STM32CubeIDE_1.13.2/STM32CubeIDE/plugins/com.st.stm32cube.ide.mcu.externaltools.gnu-tools-for-stm32.11.3.rel1.win32_1.1.1.202309131626/tools/bin/../lib/gcc/arm-none-eabi/11.3.1/../../../../arm-none-eabi/lib/thumb/v7e-m+fp/hard\libc_nano.a(libc_a-mprec.o)
                0x0000000008012ac4                __s2b
 .text.__hi0bits
                0x0000000008012b58       0x40 C:/ST/STM32CubeIDE_1.13.2/STM32CubeIDE/plugins/com.st.stm32cube.ide.mcu.externaltools.gnu-tools-for-stm32.11.3.rel1.win32_1.1.1.202309131626/tools/bin/../lib/gcc/arm-none-eabi/11.3.1/../../../../arm-none-eabi/lib/thumb/v7e-m+fp/hard\libc_nano.a(libc_a-mprec.o)
                0x0000000008012b58                __hi0bits
 .text.__lo0bits
                0x0000000008012b98       0x5a C:/ST/STM32CubeIDE_1.13.2/STM32CubeIDE/plugins/com.st.stm32cube.ide.mcu.externaltools.gnu-tools-for-stm32.11.3.rel1.win32_1.1.1.202309131626/tools/bin/../lib/gcc/arm-none-eabi/11.3.1/../../../../arm-none-eabi/lib/thumb/v7e-m+fp/hard\libc_nano.a(libc_a-mprec.o)
                0x0000000008012b98                __lo0bits
 *fill*         0x0000000008012bf2        0x2 
 .text.__i2b    0x0000000008012bf4       0x2c C:/ST/STM32CubeIDE_1.13.2/STM32CubeIDE/plugins/com.st.stm32cube.ide.mcu.externaltools.gnu-tools-for-stm32.11.3.rel1.win32_1.1.1.202309131626/tools/bin/../lib/gcc/arm-none-eabi/11.3.1/../../../../arm-none-eabi/lib/thumb/v7e-m+fp/hard\libc_nano.a(libc_a-mprec.o)
                0x0000000008012bf4                __i2b
 .text.__multiply
                0x0000000008012c20      0x154 C:/ST/STM32CubeIDE_1.13.2/STM32CubeIDE/plugins/com.st.stm32cube.ide.mcu.externaltools.gnu-tools-for-stm32.11.3.rel1.win32_1.1.1.202309131626/tools/bin/../lib/gcc/arm-none-eabi/11.3.1/../../../../arm-none-eabi/lib/thumb/v7e-m+fp/hard\libc_nano.a(libc_a-mprec.o)
                0x0000000008012c20                __multiply
 .text.__pow5mult
                0x0000000008012d74       0xb4 C:/ST/STM32CubeIDE_1.13.2/STM32CubeIDE/plugins/com.st.stm32cube.ide.mcu.externaltools.gnu-tools-for-stm32.11.3.rel1.win32_1.1.1.202309131626/tools/bin/../lib/gcc/arm-none-eabi/11.3.1/../../../../arm-none-eabi/lib/thumb/v7e-m+fp/hard\libc_nano.a(libc_a-mprec.o)
                0x0000000008012d74                __pow5mult
 .text.__lshift
                0x0000000008012e28       0xd8 C:/ST/STM32CubeIDE_1.13.2/STM32CubeIDE/plugins/com.st.stm32cube.ide.mcu.externaltools.gnu-tools-for-stm32.11.3.rel1.win32_1.1.1.202309131626/tools/bin/../lib/gcc/arm-none-eabi/11.3.1/../../../../arm-none-eabi/lib/thumb/v7e-m+fp/hard\libc_nano.a(libc_a-mprec.o)
                0x0000000008012e28                __lshift
 .text.__mcmp   0x0000000008012f00       0x38 C:/ST/STM32CubeIDE_1.13.2/STM32CubeIDE/plugins/com.st.stm32cube.ide.mcu.externaltools.gnu-tools-for-stm32.11.3.rel1.win32_1.1.1.202309131626/tools/bin/../lib/gcc/arm-none-eabi/11.3.1/../../../../arm-none-eabi/lib/thumb/v7e-m+fp/hard\libc_nano.a(libc_a-mprec.o)
                0x0000000008012f00                __mcmp
 .text.__mdiff  0x0000000008012f38      0x114 C:/ST/STM32CubeIDE_1.13.2/STM32CubeIDE/plugins/com.st.stm32cube.ide.mcu.externaltools.gnu-tools-for-stm32.11.3.rel1.win32_1.1.1.202309131626/tools/bin/../lib/gcc/arm-none-eabi/11.3.1/../../../../arm-none-eabi/lib/thumb/v7e-m+fp/hard\libc_nano.a(libc_a-mprec.o)
                0x0000000008012f38                __mdiff
 .text.__ulp    0x000000000801304c       0x4c C:/ST/STM32CubeIDE_1.13.2/STM32CubeIDE/plugins/com.st.stm32cube.ide.mcu.externaltools.gnu-tools-for-stm32.11.3.rel1.win32_1.1.1.202309131626/tools/bin/../lib/gcc/arm-none-eabi/11.3.1/../../../../arm-none-eabi/lib/thumb/v7e-m+fp/hard\libc_nano.a(libc_a-mprec.o)
                0x000000000801304c                __ulp
 .text.__b2d    0x0000000008013098       0x94 C:/ST/STM32CubeIDE_1.13.2/STM32CubeIDE/plugins/com.st.stm32cube.ide.mcu.externaltools.gnu-tools-for-stm32.11.3.rel1.win32_1.1.1.202309131626/tools/bin/../lib/gcc/arm-none-eabi/11.3.1/../../../../arm-none-eabi/lib/thumb/v7e-m+fp/hard\libc_nano.a(libc_a-mprec.o)
                0x0000000008013098                __b2d
 .text.__d2b    0x000000000801312c       0xb4 C:/ST/STM32CubeIDE_1.13.2/STM32CubeIDE/plugins/com.st.stm32cube.ide.mcu.externaltools.gnu-tools-for-stm32.11.3.rel1.win32_1.1.1.202309131626/tools/bin/../lib/gcc/arm-none-eabi/11.3.1/../../../../arm-none-eabi/lib/thumb/v7e-m+fp/hard\libc_nano.a(libc_a-mprec.o)
                0x000000000801312c                __d2b
 .text.__ratio  0x00000000080131e0       0x66 C:/ST/STM32CubeIDE_1.13.2/STM32CubeIDE/plugins/com.st.stm32cube.ide.mcu.externaltools.gnu-tools-for-stm32.11.3.rel1.win32_1.1.1.202309131626/tools/bin/../lib/gcc/arm-none-eabi/11.3.1/../../../../arm-none-eabi/lib/thumb/v7e-m+fp/hard\libc_nano.a(libc_a-mprec.o)
                0x00000000080131e0                __ratio
 .text.__copybits
                0x0000000008013246       0x46 C:/ST/STM32CubeIDE_1.13.2/STM32CubeIDE/plugins/com.st.stm32cube.ide.mcu.externaltools.gnu-tools-for-stm32.11.3.rel1.win32_1.1.1.202309131626/tools/bin/../lib/gcc/arm-none-eabi/11.3.1/../../../../arm-none-eabi/lib/thumb/v7e-m+fp/hard\libc_nano.a(libc_a-mprec.o)
                0x0000000008013246                __copybits
 .text.__any_on
                0x000000000801328c       0x42 C:/ST/STM32CubeIDE_1.13.2/STM32CubeIDE/plugins/com.st.stm32cube.ide.mcu.externaltools.gnu-tools-for-stm32.11.3.rel1.win32_1.1.1.202309131626/tools/bin/../lib/gcc/arm-none-eabi/11.3.1/../../../../arm-none-eabi/lib/thumb/v7e-m+fp/hard\libc_nano.a(libc_a-mprec.o)
                0x000000000801328c                __any_on
 .text.sulp     0x00000000080132ce       0x38 C:/ST/STM32CubeIDE_1.13.2/STM32CubeIDE/plugins/com.st.stm32cube.ide.mcu.externaltools.gnu-tools-for-stm32.11.3.rel1.win32_1.1.1.202309131626/tools/bin/../lib/gcc/arm-none-eabi/11.3.1/../../../../arm-none-eabi/lib/thumb/v7e-m+fp/hard\libc_nano.a(libc_a-strtod.o)
 *fill*         0x0000000008013306        0x2 
 .text._strtod_l
                0x0000000008013308      0xbe0 C:/ST/STM32CubeIDE_1.13.2/STM32CubeIDE/plugins/com.st.stm32cube.ide.mcu.externaltools.gnu-tools-for-stm32.11.3.rel1.win32_1.1.1.202309131626/tools/bin/../lib/gcc/arm-none-eabi/11.3.1/../../../../arm-none-eabi/lib/thumb/v7e-m+fp/hard\libc_nano.a(libc_a-strtod.o)
                0x0000000008013308                _strtod_l
 .text._strtod_r
                0x0000000008013ee8        0xc C:/ST/STM32CubeIDE_1.13.2/STM32CubeIDE/plugins/com.st.stm32cube.ide.mcu.externaltools.gnu-tools-for-stm32.11.3.rel1.win32_1.1.1.202309131626/tools/bin/../lib/gcc/arm-none-eabi/11.3.1/../../../../arm-none-eabi/lib/thumb/v7e-m+fp/hard\libc_nano.a(libc_a-strtod.o)
                0x0000000008013ee8                _strtod_r
 .text._strtol_l.constprop.0
                0x0000000008013ef4      0x104 C:/ST/STM32CubeIDE_1.13.2/STM32CubeIDE/plugins/com.st.stm32cube.ide.mcu.externaltools.gnu-tools-for-stm32.11.3.rel1.win32_1.1.1.202309131626/tools/bin/../lib/gcc/arm-none-eabi/11.3.1/../../../../arm-none-eabi/lib/thumb/v7e-m+fp/hard\libc_nano.a(libc_a-strtol.o)
 .text._strtol_r
                0x0000000008013ff8        0x4 C:/ST/STM32CubeIDE_1.13.2/STM32CubeIDE/plugins/com.st.stm32cube.ide.mcu.externaltools.gnu-tools-for-stm32.11.3.rel1.win32_1.1.1.202309131626/tools/bin/../lib/gcc/arm-none-eabi/11.3.1/../../../../arm-none-eabi/lib/thumb/v7e-m+fp/hard\libc_nano.a(libc_a-strtol.o)
                0x0000000008013ff8                _strtol_r
 .text.__ssputs_r
                0x0000000008013ffc       0xb4 C:/ST/STM32CubeIDE_1.13.2/STM32CubeIDE/plugins/com.st.stm32cube.ide.mcu.externaltools.gnu-tools-for-stm32.11.3.rel1.win32_1.1.1.202309131626/tools/bin/../lib/gcc/arm-none-eabi/11.3.1/../../../../arm-none-eabi/lib/thumb/v7e-m+fp/hard\libc_nano.a(libc_a-nano-svfprintf.o)
                0x0000000008013ffc                __ssputs_r
 .text._svfprintf_r
                0x00000000080140b0      0x1fc C:/ST/STM32CubeIDE_1.13.2/STM32CubeIDE/plugins/com.st.stm32cube.ide.mcu.externaltools.gnu-tools-for-stm32.11.3.rel1.win32_1.1.1.202309131626/tools/bin/../lib/gcc/arm-none-eabi/11.3.1/../../../../arm-none-eabi/lib/thumb/v7e-m+fp/hard\libc_nano.a(libc_a-nano-svfprintf.o)
                0x00000000080140b0                _svfiprintf_r
                0x00000000080140b0                _svfprintf_r
 .text.__sflush_r
                0x00000000080142ac      0x10c C:/ST/STM32CubeIDE_1.13.2/STM32CubeIDE/plugins/com.st.stm32cube.ide.mcu.externaltools.gnu-tools-for-stm32.11.3.rel1.win32_1.1.1.202309131626/tools/bin/../lib/gcc/arm-none-eabi/11.3.1/../../../../arm-none-eabi/lib/thumb/v7e-m+fp/hard\libc_nano.a(libc_a-fflush.o)
                0x00000000080142ac                __sflush_r
 .text._fflush_r
                0x00000000080143b8       0x50 C:/ST/STM32CubeIDE_1.13.2/STM32CubeIDE/plugins/com.st.stm32cube.ide.mcu.externaltools.gnu-tools-for-stm32.11.3.rel1.win32_1.1.1.202309131626/tools/bin/../lib/gcc/arm-none-eabi/11.3.1/../../../../arm-none-eabi/lib/thumb/v7e-m+fp/hard\libc_nano.a(libc_a-fflush.o)
                0x00000000080143b8                _fflush_r
 .text.fprintf  0x0000000008014408       0x24 C:/ST/STM32CubeIDE_1.13.2/STM32CubeIDE/plugins/com.st.stm32cube.ide.mcu.externaltools.gnu-tools-for-stm32.11.3.rel1.win32_1.1.1.202309131626/tools/bin/../lib/gcc/arm-none-eabi/11.3.1/../../../../arm-none-eabi/lib/thumb/v7e-m+fp/hard\libc_nano.a(libc_a-fprintf.o)
                0x0000000008014408                fiprintf
                0x0000000008014408                fprintf
 .text.strncmp  0x000000000801442c       0x24 C:/ST/STM32CubeIDE_1.13.2/STM32CubeIDE/plugins/com.st.stm32cube.ide.mcu.externaltools.gnu-tools-for-stm32.11.3.rel1.win32_1.1.1.202309131626/tools/bin/../lib/gcc/arm-none-eabi/11.3.1/../../../../arm-none-eabi/lib/thumb/v7e-m+fp/hard\libc_nano.a(libc_a-strncmp.o)
                0x000000000801442c                strncmp
 .text._sbrk_r  0x0000000008014450       0x20 C:/ST/STM32CubeIDE_1.13.2/STM32CubeIDE/plugins/com.st.stm32cube.ide.mcu.externaltools.gnu-tools-for-stm32.11.3.rel1.win32_1.1.1.202309131626/tools/bin/../lib/gcc/arm-none-eabi/11.3.1/../../../../arm-none-eabi/lib/thumb/v7e-m+fp/hard\libc_nano.a(libc_a-sbrkr.o)
                0x0000000008014450                _sbrk_r
 .text.nan      0x0000000008014470       0x10 C:/ST/STM32CubeIDE_1.13.2/STM32CubeIDE/plugins/com.st.stm32cube.ide.mcu.externaltools.gnu-tools-for-stm32.11.3.rel1.win32_1.1.1.202309131626/tools/bin/../lib/gcc/arm-none-eabi/11.3.1/../../../../arm-none-eabi/lib/thumb/v7e-m+fp/hard\libc_nano.a(libm_a-s_nan.o)
                0x0000000008014470                nan
 .text.abort    0x0000000008014480        0xe C:/ST/STM32CubeIDE_1.13.2/STM32CubeIDE/plugins/com.st.stm32cube.ide.mcu.externaltools.gnu-tools-for-stm32.11.3.rel1.win32_1.1.1.202309131626/tools/bin/../lib/gcc/arm-none-eabi/11.3.1/../../../../arm-none-eabi/lib/thumb/v7e-m+fp/hard\libc_nano.a(libc_a-abort.o)
                0x0000000008014480                abort
 .text._calloc_r
                0x000000000801448e       0x2c C:/ST/STM32CubeIDE_1.13.2/STM32CubeIDE/plugins/com.st.stm32cube.ide.mcu.externaltools.gnu-tools-for-stm32.11.3.rel1.win32_1.1.1.202309131626/tools/bin/../lib/gcc/arm-none-eabi/11.3.1/../../../../arm-none-eabi/lib/thumb/v7e-m+fp/hard\libc_nano.a(libc_a-callocr.o)
                0x000000000801448e                _calloc_r
 .text.rshift   0x00000000080144ba       0xa4 C:/ST/STM32CubeIDE_1.13.2/STM32CubeIDE/plugins/com.st.stm32cube.ide.mcu.externaltools.gnu-tools-for-stm32.11.3.rel1.win32_1.1.1.202309131626/tools/bin/../lib/gcc/arm-none-eabi/11.3.1/../../../../arm-none-eabi/lib/thumb/v7e-m+fp/hard\libc_nano.a(libc_a-gdtoa-gethex.o)
 .text.__hexdig_fun
                0x000000000801455e       0x2a C:/ST/STM32CubeIDE_1.13.2/STM32CubeIDE/plugins/com.st.stm32cube.ide.mcu.externaltools.gnu-tools-for-stm32.11.3.rel1.win32_1.1.1.202309131626/tools/bin/../lib/gcc/arm-none-eabi/11.3.1/../../../../arm-none-eabi/lib/thumb/v7e-m+fp/hard\libc_nano.a(libc_a-gdtoa-gethex.o)
                0x000000000801455e                __hexdig_fun
 .text.__gethex
                0x0000000008014588      0x45c C:/ST/STM32CubeIDE_1.13.2/STM32CubeIDE/plugins/com.st.stm32cube.ide.mcu.externaltools.gnu-tools-for-stm32.11.3.rel1.win32_1.1.1.202309131626/tools/bin/../lib/gcc/arm-none-eabi/11.3.1/../../../../arm-none-eabi/lib/thumb/v7e-m+fp/hard\libc_nano.a(libc_a-gdtoa-gethex.o)
                0x0000000008014588                __gethex
 .text.L_shift  0x00000000080149e4       0x24 C:/ST/STM32CubeIDE_1.13.2/STM32CubeIDE/plugins/com.st.stm32cube.ide.mcu.externaltools.gnu-tools-for-stm32.11.3.rel1.win32_1.1.1.202309131626/tools/bin/../lib/gcc/arm-none-eabi/11.3.1/../../../../arm-none-eabi/lib/thumb/v7e-m+fp/hard\libc_nano.a(libc_a-gdtoa-hexnan.o)
 .text.__match  0x0000000008014a08       0x28 C:/ST/STM32CubeIDE_1.13.2/STM32CubeIDE/plugins/com.st.stm32cube.ide.mcu.externaltools.gnu-tools-for-stm32.11.3.rel1.win32_1.1.1.202309131626/tools/bin/../lib/gcc/arm-none-eabi/11.3.1/../../../../arm-none-eabi/lib/thumb/v7e-m+fp/hard\libc_nano.a(libc_a-gdtoa-hexnan.o)
                0x0000000008014a08                __match
 .text.__hexnan
                0x0000000008014a30      0x136 C:/ST/STM32CubeIDE_1.13.2/STM32CubeIDE/plugins/com.st.stm32cube.ide.mcu.externaltools.gnu-tools-for-stm32.11.3.rel1.win32_1.1.1.202309131626/tools/bin/../lib/gcc/arm-none-eabi/11.3.1/../../../../arm-none-eabi/lib/thumb/v7e-m+fp/hard\libc_nano.a(libc_a-gdtoa-hexnan.o)
                0x0000000008014a30                __hexnan
 .text.__ascii_mbtowc
                0x0000000008014b66       0x24 C:/ST/STM32CubeIDE_1.13.2/STM32CubeIDE/plugins/com.st.stm32cube.ide.mcu.externaltools.gnu-tools-for-stm32.11.3.rel1.win32_1.1.1.202309131626/tools/bin/../lib/gcc/arm-none-eabi/11.3.1/../../../../arm-none-eabi/lib/thumb/v7e-m+fp/hard\libc_nano.a(libc_a-mbtowc_r.o)
                0x0000000008014b66                __ascii_mbtowc
 .text._realloc_r
                0x0000000008014b8a       0x5e C:/ST/STM32CubeIDE_1.13.2/STM32CubeIDE/plugins/com.st.stm32cube.ide.mcu.externaltools.gnu-tools-for-stm32.11.3.rel1.win32_1.1.1.202309131626/tools/bin/../lib/gcc/arm-none-eabi/11.3.1/../../../../arm-none-eabi/lib/thumb/v7e-m+fp/hard\libc_nano.a(libc_a-reallocr.o)
                0x0000000008014b8a                _realloc_r
 .text.__ascii_wctomb
                0x0000000008014be8       0x1a C:/ST/STM32CubeIDE_1.13.2/STM32CubeIDE/plugins/com.st.stm32cube.ide.mcu.externaltools.gnu-tools-for-stm32.11.3.rel1.win32_1.1.1.202309131626/tools/bin/../lib/gcc/arm-none-eabi/11.3.1/../../../../arm-none-eabi/lib/thumb/v7e-m+fp/hard\libc_nano.a(libc_a-wctomb_r.o)
                0x0000000008014be8                __ascii_wctomb
 .text.__sfputc_r
                0x0000000008014c02       0x2e C:/ST/STM32CubeIDE_1.13.2/STM32CubeIDE/plugins/com.st.stm32cube.ide.mcu.externaltools.gnu-tools-for-stm32.11.3.rel1.win32_1.1.1.202309131626/tools/bin/../lib/gcc/arm-none-eabi/11.3.1/../../../../arm-none-eabi/lib/thumb/v7e-m+fp/hard\libc_nano.a(libc_a-nano-vfprintf.o)
 .text.__sfputs_r
                0x0000000008014c30       0x24 C:/ST/STM32CubeIDE_1.13.2/STM32CubeIDE/plugins/com.st.stm32cube.ide.mcu.externaltools.gnu-tools-for-stm32.11.3.rel1.win32_1.1.1.202309131626/tools/bin/../lib/gcc/arm-none-eabi/11.3.1/../../../../arm-none-eabi/lib/thumb/v7e-m+fp/hard\libc_nano.a(libc_a-nano-vfprintf.o)
                0x0000000008014c30                __sfputs_r
 .text._vfprintf_r
                0x0000000008014c54      0x234 C:/ST/STM32CubeIDE_1.13.2/STM32CubeIDE/plugins/com.st.stm32cube.ide.mcu.externaltools.gnu-tools-for-stm32.11.3.rel1.win32_1.1.1.202309131626/tools/bin/../lib/gcc/arm-none-eabi/11.3.1/../../../../arm-none-eabi/lib/thumb/v7e-m+fp/hard\libc_nano.a(libc_a-nano-vfprintf.o)
                0x0000000008014c54                _vfprintf_r
                0x0000000008014c54                _vfiprintf_r
 .text.__swbuf_r
                0x0000000008014e88       0x7a C:/ST/STM32CubeIDE_1.13.2/STM32CubeIDE/plugins/com.st.stm32cube.ide.mcu.externaltools.gnu-tools-for-stm32.11.3.rel1.win32_1.1.1.202309131626/tools/bin/../lib/gcc/arm-none-eabi/11.3.1/../../../../arm-none-eabi/lib/thumb/v7e-m+fp/hard\libc_nano.a(libc_a-wbuf.o)
                0x0000000008014e88                __swbuf_r
 *fill*         0x0000000008014f02        0x2 
 .text.__swsetup_r
                0x0000000008014f04       0xb0 C:/ST/STM32CubeIDE_1.13.2/STM32CubeIDE/plugins/com.st.stm32cube.ide.mcu.externaltools.gnu-tools-for-stm32.11.3.rel1.win32_1.1.1.202309131626/tools/bin/../lib/gcc/arm-none-eabi/11.3.1/../../../../arm-none-eabi/lib/thumb/v7e-m+fp/hard\libc_nano.a(libc_a-wsetup.o)
                0x0000000008014f04                __swsetup_r
 .text._raise_r
                0x0000000008014fb4       0x50 C:/ST/STM32CubeIDE_1.13.2/STM32CubeIDE/plugins/com.st.stm32cube.ide.mcu.externaltools.gnu-tools-for-stm32.11.3.rel1.win32_1.1.1.202309131626/tools/bin/../lib/gcc/arm-none-eabi/11.3.1/../../../../arm-none-eabi/lib/thumb/v7e-m+fp/hard\libc_nano.a(libc_a-signal.o)
                0x0000000008014fb4                _raise_r
 .text.raise    0x0000000008015004       0x10 C:/ST/STM32CubeIDE_1.13.2/STM32CubeIDE/plugins/com.st.stm32cube.ide.mcu.externaltools.gnu-tools-for-stm32.11.3.rel1.win32_1.1.1.202309131626/tools/bin/../lib/gcc/arm-none-eabi/11.3.1/../../../../arm-none-eabi/lib/thumb/v7e-m+fp/hard\libc_nano.a(libc_a-signal.o)
                0x0000000008015004                raise
 .text._kill_r  0x0000000008015014       0x24 C:/ST/STM32CubeIDE_1.13.2/STM32CubeIDE/plugins/com.st.stm32cube.ide.mcu.externaltools.gnu-tools-for-stm32.11.3.rel1.win32_1.1.1.202309131626/tools/bin/../lib/gcc/arm-none-eabi/11.3.1/../../../../arm-none-eabi/lib/thumb/v7e-m+fp/hard\libc_nano.a(libc_a-signalr.o)
                0x0000000008015014                _kill_r
 .text._getpid_r
                0x0000000008015038        0x4 C:/ST/STM32CubeIDE_1.13.2/STM32CubeIDE/plugins/com.st.stm32cube.ide.mcu.externaltools.gnu-tools-for-stm32.11.3.rel1.win32_1.1.1.202309131626/tools/bin/../lib/gcc/arm-none-eabi/11.3.1/../../../../arm-none-eabi/lib/thumb/v7e-m+fp/hard\libc_nano.a(libc_a-signalr.o)
                0x0000000008015038                _getpid_r
 .text._malloc_usable_size_r
                0x000000000801503c       0x10 C:/ST/STM32CubeIDE_1.13.2/STM32CubeIDE/plugins/com.st.stm32cube.ide.mcu.externaltools.gnu-tools-for-stm32.11.3.rel1.win32_1.1.1.202309131626/tools/bin/../lib/gcc/arm-none-eabi/11.3.1/../../../../arm-none-eabi/lib/thumb/v7e-m+fp/hard\libc_nano.a(libc_a-msizer.o)
                0x000000000801503c                _malloc_usable_size_r
 .text.__swhatbuf_r
                0x000000000801504c       0x4c C:/ST/STM32CubeIDE_1.13.2/STM32CubeIDE/plugins/com.st.stm32cube.ide.mcu.externaltools.gnu-tools-for-stm32.11.3.rel1.win32_1.1.1.202309131626/tools/bin/../lib/gcc/arm-none-eabi/11.3.1/../../../../arm-none-eabi/lib/thumb/v7e-m+fp/hard\libc_nano.a(libc_a-makebuf.o)
                0x000000000801504c                __swhatbuf_r
 .text.__smakebuf_r
                0x0000000008015098       0x78 C:/ST/STM32CubeIDE_1.13.2/STM32CubeIDE/plugins/com.st.stm32cube.ide.mcu.externaltools.gnu-tools-for-stm32.11.3.rel1.win32_1.1.1.202309131626/tools/bin/../lib/gcc/arm-none-eabi/11.3.1/../../../../arm-none-eabi/lib/thumb/v7e-m+fp/hard\libc_nano.a(libc_a-makebuf.o)
                0x0000000008015098                __smakebuf_r
 .text._fstat_r
                0x0000000008015110       0x24 C:/ST/STM32CubeIDE_1.13.2/STM32CubeIDE/plugins/com.st.stm32cube.ide.mcu.externaltools.gnu-tools-for-stm32.11.3.rel1.win32_1.1.1.202309131626/tools/bin/../lib/gcc/arm-none-eabi/11.3.1/../../../../arm-none-eabi/lib/thumb/v7e-m+fp/hard\libc_nano.a(libc_a-fstatr.o)
                0x0000000008015110                _fstat_r
 .text._isatty_r
                0x0000000008015134       0x20 C:/ST/STM32CubeIDE_1.13.2/STM32CubeIDE/plugins/com.st.stm32cube.ide.mcu.externaltools.gnu-tools-for-stm32.11.3.rel1.win32_1.1.1.202309131626/tools/bin/../lib/gcc/arm-none-eabi/11.3.1/../../../../arm-none-eabi/lib/thumb/v7e-m+fp/hard\libc_nano.a(libc_a-isattyr.o)
                0x0000000008015134                _isatty_r