../Core/Src/stm32f4xx_hal_msp.c:66:6:HAL_MspInit	8	static
../Core/Src/stm32f4xx_hal_msp.c:89:6:HAL_RTC_MspInit	24	static
../Core/Src/stm32f4xx_hal_msp.c:123:6:HAL_RTC_MspDeInit	0	static
../Core/Src/stm32f4xx_hal_msp.c:145:6:HAL_SPI_MspInit	48	static
../Core/Src/stm32f4xx_hal_msp.c:201:6:HAL_SPI_MspDeInit	8	static
../Core/Src/stm32f4xx_hal_msp.c:232:6:HAL_TIM_Base_MspInit	8	static
../Core/Src/stm32f4xx_hal_msp.c:249:6:HAL_TIM_MspPostInit	40	static
../Core/Src/stm32f4xx_hal_msp.c:281:6:HAL_TIM_Base_MspDeInit	0	static
