../Core/Src/w25qxx.c:32:9:W25qxx_Spi	32	static,ignoring_inline_asm
../Core/Src/w25qxx.c:61:10:W25qxx_ReadID	24	static
../Core/Src/w25qxx.c:74:6:W25qxx_ReadUniqID	16	static
../Core/Src/w25qxx.c:85:6:W25qxx_WriteEnable	8	static
../Core/Src/w25qxx.c:93:6:W25qxx_WriteDisable	8	static
../Core/Src/w25qxx.c:101:9:W25qxx_ReadStatusRegister	8	static
../Core/Src/w25qxx.c:127:6:W25qxx_WriteStatusRegister	16	static
../Core/Src/w25qxx.c:149:6:W25qxx_WaitForWriteEnd	8	static
../Core/Src/w25qxx.c:163:6:W25qxx_Init	16	static
../Core/Src/w25qxx.c:235:6:W25qxx_EraseChip	16	static
../Core/Src/w25qxx.c:249:6:W25qxx_EraseSector	16	static
../Core/Src/w25qxx.c:270:6:W25qxx_EraseBlock	16	static
../Core/Src/w25qxx.c:291:10:W25qxx_PageToSector	0	static
../Core/Src/w25qxx.c:296:10:W25qxx_PageToBlock	0	static
../Core/Src/w25qxx.c:301:10:W25qxx_SectorToBlock	0	static
../Core/Src/w25qxx.c:306:10:W25qxx_SectorToPage	0	static
../Core/Src/w25qxx.c:311:10:W25qxx_BlockToPage	0	static
../Core/Src/w25qxx.c:316:7:W25qxx_IsEmptyPage	72	static
../Core/Src/w25qxx.c:373:7:W25qxx_IsEmptySector	72	static
../Core/Src/w25qxx.c:429:7:W25qxx_IsEmptyBlock	72	static
../Core/Src/w25qxx.c:485:6:W25qxx_WriteByte	24	static
../Core/Src/w25qxx.c:505:7:W25qxx_WritePage	32	static
../Core/Src/w25qxx.c:534:7:W25qxx_WriteSector	24	static
../Core/Src/w25qxx.c:558:7:W25qxx_WriteBlock	24	static
../Core/Src/w25qxx.c:582:7:W25qxx_ReadByte	16	static
../Core/Src/w25qxx.c:601:6:W25qxx_ReadBytes	24	static
../Core/Src/w25qxx.c:655:7:W25qxx_ReadPage	24	static
../Core/Src/w25qxx.c:682:7:W25qxx_ReadSector	24	static
../Core/Src/w25qxx.c:706:7:W25qxx_ReadBlock	24	static
