../Core/Src/display/dispcolor.c:572:16:dispcolor_DrawChar_General.constprop	64	static
../Core/Src/display/dispcolor.c:572:16:dispcolor_DrawChar_General.constprop	56	static
../Core/Src/display/dispcolor.c:33:6:dispcolor_Init	24	static
../Core/Src/display/dispcolor.c:43:6:dispcolor_Update	0	static
../Core/Src/display/dispcolor.c:49:6:dispcolor_SetBrightness	0	static
../Core/Src/display/dispcolor.c:57:6:dispcolor_DrawPixel	0	static
../Core/Src/display/dispcolor.c:63:10:dispcolor_GetPixel	0	static
../Core/Src/display/dispcolor.c:69:6:dispcolor_FillRect	4	static
../Core/Src/display/dispcolor.c:76:6:dispcolor_FillScreen	16	static
../Core/Src/display/dispcolor.c:80:6:dispcolor_ClearScreen	16	static
../Core/Src/display/dispcolor.c:110:6:dispcolor_DrawLine	56	static
../Core/Src/display/dispcolor.c:163:6:DrawPixel	24	static
../Core/Src/display/dispcolor.c:183:5:ipart	0	static
../Core/Src/display/dispcolor.c:188:7:fpart	0	static
../Core/Src/display/dispcolor.c:192:7:rfpart	0	static
../Core/Src/display/dispcolor.c:196:6:swap	0	static
../Core/Src/display/dispcolor.c:265:6:dispcolor_DrawLine_Wu	72	static
../Core/Src/display/dispcolor.c:286:6:dispcolor_DrawRectangle	32	static
../Core/Src/display/dispcolor.c:294:6:dispcolor_FillRectangle	4	static
../Core/Src/display/dispcolor.c:306:6:dispcolor_DrawTriangle	40	static
../Core/Src/display/dispcolor.c:313:6:dispcolor_DrawTriangle_Wu	40	static
../Core/Src/display/dispcolor.c:320:6:dispcolor_FillTriangle	88	static
../Core/Src/display/dispcolor.c:397:6:dispcolor_DrawCircle	64	static
../Core/Src/display/dispcolor.c:434:6:dispcolor_DrawCircle_Wu	96	static
../Core/Src/display/dispcolor.c:478:6:dispcolor_FillCircle	56	static
../Core/Src/display/dispcolor.c:131:6:dispcolor_DrawLine2	64	static
../Core/Src/display/dispcolor.c:510:6:dispcolor_FillCircleWu	24	static
../Core/Src/display/dispcolor.c:517:6:dispcolor_DrawArc	80	static
../Core/Src/display/dispcolor.c:544:6:dispcolor_DrawArc_Wu	88	static
../Core/Src/display/dispcolor.c:611:9:dispcolor_DrawChar	4	static
../Core/Src/display/dispcolor.c:616:9:dispcolor_DrawChar_Bg	4	static
../Core/Src/display/dispcolor.c:654:9:dispcolor_DrawString	40	static
../Core/Src/display/dispcolor.c:659:9:dispcolor_DrawString_Bg	48	static
../Core/Src/display/dispcolor.c:665:9:dispcolor_printf	144	static
../Core/Src/display/dispcolor.c:677:9:dispcolor_printf_Bg	152	static
../Core/Src/display/dispcolor.c:690:9:dispcolor_GetTextWidth	16	static
../Core/Src/display/dispcolor.c:711:9:dispcolor_GetFormatedTextWidth	120	static
